[2026-03-27 12:46:18] local.ERROR: Please provide a valid cache path. {"exception":"[object] (InvalidArgumentException(code: 0): Please provide a valid cache path. at C:/Users/bacia/Desktop/portfolio/proyectos/ProyectoFinal2DAW - copia/ComfortFood/vendor/laravel/framework/src/Illuminate/View/Compilers/Compiler.php:75)
[stacktrace]
#0 C:/Users/bacia/Desktop/portfolio/proyectos/ProyectoFinal2DAW - copia/ComfortFood/vendor/laravel/framework/src/Illuminate/View/ViewServiceProvider.php(97): Illuminate/View/Compilers/Compiler->__construct(Object(Illuminate/Filesystem/Filesystem), false, '', true, 'php', true)
#1 C:/Users/bacia/Desktop/portfolio/proyectos/ProyectoFinal2DAW - copia/ComfortFood/vendor/laravel/framework/src/Illuminate/Container/Container.php(1115): Illuminate/View/ViewServiceProvider->Illuminate/View/{closure}(Object(Illuminate/Foundation/Application), Array)
#2 C:/Users/bacia/Desktop/portfolio/proyectos/ProyectoFinal2DAW - copia/ComfortFood/vendor/laravel/framework/src/Illuminate/Container/Container.php(933): Illuminate/Container/Container->build(Object(Closure))
#3 C:/Users/bacia/Desktop/portfolio/proyectos/ProyectoFinal2DAW - copia/ComfortFood/vendor/laravel/framework/src/Illuminate/Foundation/Application.php(1078): Illuminate/Container/Container->resolve('blade.compiler', Array, true)
#4 C:/Users/bacia/Desktop/portfolio/proyectos/ProyectoFinal2DAW - copia/ComfortFood/vendor/laravel/framework/src/Illuminate/Container/Container.php(864): Illuminate/Foundation/Application->resolve('blade.compiler', Array)
#5 C:/Users/bacia/Desktop/portfolio/proyectos/ProyectoFinal2DAW - copia/ComfortFood/vendor/laravel/framework/src/Illuminate/Foundation/Application.php(1058): Illuminate/Container/Container->make('blade.compiler', Array)
#6 C:/Users/bacia/Desktop/portfolio/proyectos/ProyectoFinal2DAW - copia/ComfortFood/vendor/laravel/framework/src/Illuminate/Container/Container.php(1809): Illuminate/Foundation/Application->make('blade.compiler')
#7 C:/Users/bacia/Desktop/portfolio/proyectos/ProyectoFinal2DAW - copia/ComfortFood/vendor/laravel/framework/src/Illuminate/Support/Facades/Facade.php(240): Illuminate/Container/Container->offsetGet('blade.compiler')
#8 C:/Users/bacia/Desktop/portfolio/proyectos/ProyectoFinal2DAW - copia/ComfortFood/vendor/laravel/framework/src/Illuminate/Support/Facades/Facade.php(211): Illuminate/Support/Facades/Facade::resolveFacadeInstance('blade.compiler')
#9 C:/Users/bacia/Desktop/portfolio/proyectos/ProyectoFinal2DAW - copia/ComfortFood/vendor/laravel/framework/src/Illuminate/Support/Facades/Facade.php(357): Illuminate/Support/Facades/Facade::getFacadeRoot()
#10 C:/Users/bacia/Desktop/portfolio/proyectos/ProyectoFinal2DAW - copia/ComfortFood/vendor/livewire/flux/src/FluxServiceProvider.php(41): Illuminate/Support/Facades/Facade::__callStatic('anonymousCompon...', Array)
#11 C:/Users/bacia/Desktop/portfolio/proyectos/ProyectoFinal2DAW - copia/ComfortFood/vendor/livewire/flux/src/FluxServiceProvider.php(24): Flux/FluxServiceProvider->bootComponentPath()
#12 C:/Users/bacia/Desktop/portfolio/proyectos/ProyectoFinal2DAW - copia/ComfortFood/vendor/laravel/framework/src/Illuminate/Container/BoundMethod.php(36): Flux/FluxServiceProvider->boot()
#13 C:/Users/bacia/Desktop/portfolio/proyectos/ProyectoFinal2DAW - copia/ComfortFood/vendor/laravel/framework/src/Illuminate/Container/Util.php(43): Illuminate/Container/BoundMethod::Illuminate/Container/{closure}()
#14 C:/Users/bacia/Desktop/portfolio/proyectos/ProyectoFinal2DAW - copia/ComfortFood/vendor/laravel/framework/src/Illuminate/Container/BoundMethod.php(96): Illuminate/Container/Util::unwrapIfClosure(Object(Closure))
#15 C:/Users/bacia/Desktop/portfolio/proyectos/ProyectoFinal2DAW - copia/ComfortFood/vendor/laravel/framework/src/Illuminate/Container/BoundMethod.php(35): Illuminate/Container/BoundMethod::callBoundMethod(Object(Illuminate/Foundation/Application), Array, Object(Closure))
#16 C:/Users/bacia/Desktop/portfolio/proyectos/ProyectoFinal2DAW - copia/ComfortFood/vendor/laravel/framework/src/Illuminate/Container/Container.php(799): Illuminate/Container/BoundMethod::call(Object(Illuminate/Foundation/Application), Array, Array, NULL)
#17 C:/Users/bacia/Desktop/portfolio/proyectos/ProyectoFinal2DAW - copia/ComfortFood/vendor/laravel/framework/src/Illuminate/Foundation/Application.php(1151): Illuminate/Container/Container->call(Array)
#18 C:/Users/bacia/Desktop/portfolio/proyectos/ProyectoFinal2DAW - copia/ComfortFood/vendor/laravel/framework/src/Illuminate/Foundation/Application.php(1132): Illuminate/Foundation/Application->bootProvider(Object(Flux/FluxServiceProvider))
#19 [internal function]: Illuminate/Foundation/Application->Illuminate/Foundation/{closure}(Object(Flux/FluxServiceProvider), 'Flux//FluxServic...')
#20 C:/Users/bacia/Desktop/portfolio/proyectos/ProyectoFinal2DAW - copia/ComfortFood/vendor/laravel/framework/src/Illuminate/Foundation/Application.php(1131): array_walk(Array, Object(Closure))
#21 C:/Users/bacia/Desktop/portfolio/proyectos/ProyectoFinal2DAW - copia/ComfortFood/vendor/laravel/framework/src/Illuminate/Foundation/Bootstrap/BootProviders.php(17): Illuminate/Foundation/Application->boot()
#22 C:/Users/bacia/Desktop/portfolio/proyectos/ProyectoFinal2DAW - copia/ComfortFood/vendor/laravel/framework/src/Illuminate/Foundation/Application.php(342): Illuminate/Foundation/Bootstrap/BootProviders->bootstrap(Object(Illuminate/Foundation/Application))
#23 C:/Users/bacia/Desktop/portfolio/proyectos/ProyectoFinal2DAW - copia/ComfortFood/vendor/laravel/framework/src/Illuminate/Foundation/Console/Kernel.php(494): Illuminate/Foundation/Application->bootstrapWith(Array)
#24 C:/Users/bacia/Desktop/portfolio/proyectos/ProyectoFinal2DAW - copia/ComfortFood/vendor/laravel/framework/src/Illuminate/Foundation/Console/Kernel.php(196): Illuminate/Foundation/Console/Kernel->bootstrap()
#25 C:/Users/bacia/Desktop/portfolio/proyectos/ProyectoFinal2DAW - copia/ComfortFood/vendor/laravel/framework/src/Illuminate/Foundation/Application.php(1235): Illuminate/Foundation/Console/Kernel->handle(Object(Symfony/Component/Console/Input/ArgvInput), Object(Symfony/Component/Console/Output/ConsoleOutput))
#26 C:/Users/bacia/Desktop/portfolio/proyectos/ProyectoFinal2DAW - copia/ComfortFood/artisan(16): Illuminate/Foundation/Application->handleCommand(Object(Symfony/Component/Console/Input/ArgvInput))
#27 {main}
"} 
[2026-03-27 12:58:53] local.ERROR: Please provide a valid cache path. {"exception":"[object] (InvalidArgumentException(code: 0): Please provide a valid cache path. at C:/Users/bacia/Desktop/portfolio/proyectos/ProyectoFinal2DAW - copia/ComfortFood/vendor/laravel/framework/src/Illuminate/View/Compilers/Compiler.php:75)
[stacktrace]
#0 C:/Users/bacia/Desktop/portfolio/proyectos/ProyectoFinal2DAW - copia/ComfortFood/vendor/laravel/framework/src/Illuminate/View/ViewServiceProvider.php(97): Illuminate/View/Compilers/Compiler->__construct(Object(Illuminate/Filesystem/Filesystem), false, '', true, 'php', true)
#1 C:/Users/bacia/Desktop/portfolio/proyectos/ProyectoFinal2DAW - copia/ComfortFood/vendor/laravel/framework/src/Illuminate/Container/Container.php(1115): Illuminate/View/ViewServiceProvider->Illuminate/View/{closure}(Object(Illuminate/Foundation/Application), Array)
#2 C:/Users/bacia/Desktop/portfolio/proyectos/ProyectoFinal2DAW - copia/ComfortFood/vendor/laravel/framework/src/Illuminate/Container/Container.php(933): Illuminate/Container/Container->build(Object(Closure))
#3 C:/Users/bacia/Desktop/portfolio/proyectos/ProyectoFinal2DAW - copia/ComfortFood/vendor/laravel/framework/src/Illuminate/Foundation/Application.php(1078): Illuminate/Container/Container->resolve('blade.compiler', Array, true)
#4 C:/Users/bacia/Desktop/portfolio/proyectos/ProyectoFinal2DAW - copia/ComfortFood/vendor/laravel/framework/src/Illuminate/Container/Container.php(864): Illuminate/Foundation/Application->resolve('blade.compiler', Array)
#5 C:/Users/bacia/Desktop/portfolio/proyectos/ProyectoFinal2DAW - copia/ComfortFood/vendor/laravel/framework/src/Illuminate/Foundation/Application.php(1058): Illuminate/Container/Container->make('blade.compiler', Array)
#6 C:/Users/bacia/Desktop/portfolio/proyectos/ProyectoFinal2DAW - copia/ComfortFood/vendor/laravel/framework/src/Illuminate/Container/Container.php(1809): Illuminate/Foundation/Application->make('blade.compiler')
#7 C:/Users/bacia/Desktop/portfolio/proyectos/ProyectoFinal2DAW - copia/ComfortFood/vendor/laravel/framework/src/Illuminate/Support/Facades/Facade.php(240): Illuminate/Container/Container->offsetGet('blade.compiler')
#8 C:/Users/bacia/Desktop/portfolio/proyectos/ProyectoFinal2DAW - copia/ComfortFood/vendor/laravel/framework/src/Illuminate/Support/Facades/Facade.php(211): Illuminate/Support/Facades/Facade::resolveFacadeInstance('blade.compiler')
#9 C:/Users/bacia/Desktop/portfolio/proyectos/ProyectoFinal2DAW - copia/ComfortFood/vendor/laravel/framework/src/Illuminate/Support/Facades/Facade.php(357): Illuminate/Support/Facades/Facade::getFacadeRoot()
#10 C:/Users/bacia/Desktop/portfolio/proyectos/ProyectoFinal2DAW - copia/ComfortFood/vendor/livewire/flux/src/FluxServiceProvider.php(41): Illuminate/Support/Facades/Facade::__callStatic('anonymousCompon...', Array)
#11 C:/Users/bacia/Desktop/portfolio/proyectos/ProyectoFinal2DAW - copia/ComfortFood/vendor/livewire/flux/src/FluxServiceProvider.php(24): Flux/FluxServiceProvider->bootComponentPath()
#12 C:/Users/bacia/Desktop/portfolio/proyectos/ProyectoFinal2DAW - copia/ComfortFood/vendor/laravel/framework/src/Illuminate/Container/BoundMethod.php(36): Flux/FluxServiceProvider->boot()
#13 C:/Users/bacia/Desktop/portfolio/proyectos/ProyectoFinal2DAW - copia/ComfortFood/vendor/laravel/framework/src/Illuminate/Container/Util.php(43): Illuminate/Container/BoundMethod::Illuminate/Container/{closure}()
#14 C:/Users/bacia/Desktop/portfolio/proyectos/ProyectoFinal2DAW - copia/ComfortFood/vendor/laravel/framework/src/Illuminate/Container/BoundMethod.php(96): Illuminate/Container/Util::unwrapIfClosure(Object(Closure))
#15 C:/Users/bacia/Desktop/portfolio/proyectos/ProyectoFinal2DAW - copia/ComfortFood/vendor/laravel/framework/src/Illuminate/Container/BoundMethod.php(35): Illuminate/Container/BoundMethod::callBoundMethod(Object(Illuminate/Foundation/Application), Array, Object(Closure))
#16 C:/Users/bacia/Desktop/portfolio/proyectos/ProyectoFinal2DAW - copia/ComfortFood/vendor/laravel/framework/src/Illuminate/Container/Container.php(799): Illuminate/Container/BoundMethod::call(Object(Illuminate/Foundation/Application), Array, Array, NULL)
#17 C:/Users/bacia/Desktop/portfolio/proyectos/ProyectoFinal2DAW - copia/ComfortFood/vendor/laravel/framework/src/Illuminate/Foundation/Application.php(1151): Illuminate/Container/Container->call(Array)
#18 C:/Users/bacia/Desktop/portfolio/proyectos/ProyectoFinal2DAW - copia/ComfortFood/vendor/laravel/framework/src/Illuminate/Foundation/Application.php(1132): Illuminate/Foundation/Application->bootProvider(Object(Flux/FluxServiceProvider))
#19 [internal function]: Illuminate/Foundation/Application->Illuminate/Foundation/{closure}(Object(Flux/FluxServiceProvider), 'Flux//FluxServic...')
#20 C:/Users/bacia/Desktop/portfolio/proyectos/ProyectoFinal2DAW - copia/ComfortFood/vendor/laravel/framework/src/Illuminate/Foundation/Application.php(1131): array_walk(Array, Object(Closure))
#21 C:/Users/bacia/Desktop/portfolio/proyectos/ProyectoFinal2DAW - copia/ComfortFood/vendor/laravel/framework/src/Illuminate/Foundation/Bootstrap/BootProviders.php(17): Illuminate/Foundation/Application->boot()
#22 C:/Users/bacia/Desktop/portfolio/proyectos/ProyectoFinal2DAW - copia/ComfortFood/vendor/laravel/framework/src/Illuminate/Foundation/Application.php(342): Illuminate/Foundation/Bootstrap/BootProviders->bootstrap(Object(Illuminate/Foundation/Application))
#23 C:/Users/bacia/Desktop/portfolio/proyectos/ProyectoFinal2DAW - copia/ComfortFood/vendor/laravel/framework/src/Illuminate/Foundation/Console/Kernel.php(494): Illuminate/Foundation/Application->bootstrapWith(Array)
#24 C:/Users/bacia/Desktop/portfolio/proyectos/ProyectoFinal2DAW - copia/ComfortFood/vendor/laravel/framework/src/Illuminate/Foundation/Console/Kernel.php(196): Illuminate/Foundation/Console/Kernel->bootstrap()
#25 C:/Users/bacia/Desktop/portfolio/proyectos/ProyectoFinal2DAW - copia/ComfortFood/vendor/laravel/framework/src/Illuminate/Foundation/Application.php(1235): Illuminate/Foundation/Console/Kernel->handle(Object(Symfony/Component/Console/Input/ArgvInput), Object(Symfony/Component/Console/Output/ConsoleOutput))
#26 C:/Users/bacia/Desktop/portfolio/proyectos/ProyectoFinal2DAW - copia/ComfortFood/artisan(16): Illuminate/Foundation/Application->handleCommand(Object(Symfony/Component/Console/Input/ArgvInput))
#27 {main}
"} 
[2026-03-27 13:04:03] local.ERROR: Please provide a valid cache path. {"exception":"[object] (InvalidArgumentException(code: 0): Please provide a valid cache path. at C:/Users/bacia/Desktop/portfolio/proyectos/ProyectoFinal2DAW - copia/ComfortFood/vendor/laravel/framework/src/Illuminate/View/Compilers/Compiler.php:75)
[stacktrace]
#0 C:/Users/bacia/Desktop/portfolio/proyectos/ProyectoFinal2DAW - copia/ComfortFood/vendor/laravel/framework/src/Illuminate/View/ViewServiceProvider.php(97): Illuminate/View/Compilers/Compiler->__construct(Object(Illuminate/Filesystem/Filesystem), false, '', true, 'php', true)
#1 C:/Users/bacia/Desktop/portfolio/proyectos/ProyectoFinal2DAW - copia/ComfortFood/vendor/laravel/framework/src/Illuminate/Container/Container.php(1115): Illuminate/View/ViewServiceProvider->Illuminate/View/{closure}(Object(Illuminate/Foundation/Application), Array)
#2 C:/Users/bacia/Desktop/portfolio/proyectos/ProyectoFinal2DAW - copia/ComfortFood/vendor/laravel/framework/src/Illuminate/Container/Container.php(933): Illuminate/Container/Container->build(Object(Closure))
#3 C:/Users/bacia/Desktop/portfolio/proyectos/ProyectoFinal2DAW - copia/ComfortFood/vendor/laravel/framework/src/Illuminate/Foundation/Application.php(1078): Illuminate/Container/Container->resolve('blade.compiler', Array, true)
#4 C:/Users/bacia/Desktop/portfolio/proyectos/ProyectoFinal2DAW - copia/ComfortFood/vendor/laravel/framework/src/Illuminate/Container/Container.php(864): Illuminate/Foundation/Application->resolve('blade.compiler', Array)
#5 C:/Users/bacia/Desktop/portfolio/proyectos/ProyectoFinal2DAW - copia/ComfortFood/vendor/laravel/framework/src/Illuminate/Foundation/Application.php(1058): Illuminate/Container/Container->make('blade.compiler', Array)
#6 C:/Users/bacia/Desktop/portfolio/proyectos/ProyectoFinal2DAW - copia/ComfortFood/vendor/laravel/framework/src/Illuminate/Container/Container.php(1809): Illuminate/Foundation/Application->make('blade.compiler')
#7 C:/Users/bacia/Desktop/portfolio/proyectos/ProyectoFinal2DAW - copia/ComfortFood/vendor/laravel/framework/src/Illuminate/Support/Facades/Facade.php(240): Illuminate/Container/Container->offsetGet('blade.compiler')
#8 C:/Users/bacia/Desktop/portfolio/proyectos/ProyectoFinal2DAW - copia/ComfortFood/vendor/laravel/framework/src/Illuminate/Support/Facades/Facade.php(211): Illuminate/Support/Facades/Facade::resolveFacadeInstance('blade.compiler')
#9 C:/Users/bacia/Desktop/portfolio/proyectos/ProyectoFinal2DAW - copia/ComfortFood/vendor/laravel/framework/src/Illuminate/Support/Facades/Facade.php(357): Illuminate/Support/Facades/Facade::getFacadeRoot()
#10 C:/Users/bacia/Desktop/portfolio/proyectos/ProyectoFinal2DAW - copia/ComfortFood/vendor/livewire/flux/src/FluxServiceProvider.php(41): Illuminate/Support/Facades/Facade::__callStatic('anonymousCompon...', Array)
#11 C:/Users/bacia/Desktop/portfolio/proyectos/ProyectoFinal2DAW - copia/ComfortFood/vendor/livewire/flux/src/FluxServiceProvider.php(24): Flux/FluxServiceProvider->bootComponentPath()
#12 C:/Users/bacia/Desktop/portfolio/proyectos/ProyectoFinal2DAW - copia/ComfortFood/vendor/laravel/framework/src/Illuminate/Container/BoundMethod.php(36): Flux/FluxServiceProvider->boot()
#13 C:/Users/bacia/Desktop/portfolio/proyectos/ProyectoFinal2DAW - copia/ComfortFood/vendor/laravel/framework/src/Illuminate/Container/Util.php(43): Illuminate/Container/BoundMethod::Illuminate/Container/{closure}()
#14 C:/Users/bacia/Desktop/portfolio/proyectos/ProyectoFinal2DAW - copia/ComfortFood/vendor/laravel/framework/src/Illuminate/Container/BoundMethod.php(96): Illuminate/Container/Util::unwrapIfClosure(Object(Closure))
#15 C:/Users/bacia/Desktop/portfolio/proyectos/ProyectoFinal2DAW - copia/ComfortFood/vendor/laravel/framework/src/Illuminate/Container/BoundMethod.php(35): Illuminate/Container/BoundMethod::callBoundMethod(Object(Illuminate/Foundation/Application), Array, Object(Closure))
#16 C:/Users/bacia/Desktop/portfolio/proyectos/ProyectoFinal2DAW - copia/ComfortFood/vendor/laravel/framework/src/Illuminate/Container/Container.php(799): Illuminate/Container/BoundMethod::call(Object(Illuminate/Foundation/Application), Array, Array, NULL)
#17 C:/Users/bacia/Desktop/portfolio/proyectos/ProyectoFinal2DAW - copia/ComfortFood/vendor/laravel/framework/src/Illuminate/Foundation/Application.php(1151): Illuminate/Container/Container->call(Array)
#18 C:/Users/bacia/Desktop/portfolio/proyectos/ProyectoFinal2DAW - copia/ComfortFood/vendor/laravel/framework/src/Illuminate/Foundation/Application.php(1132): Illuminate/Foundation/Application->bootProvider(Object(Flux/FluxServiceProvider))
#19 [internal function]: Illuminate/Foundation/Application->Illuminate/Foundation/{closure}(Object(Flux/FluxServiceProvider), 'Flux//FluxServic...')
#20 C:/Users/bacia/Desktop/portfolio/proyectos/ProyectoFinal2DAW - copia/ComfortFood/vendor/laravel/framework/src/Illuminate/Foundation/Application.php(1131): array_walk(Array, Object(Closure))
#21 C:/Users/bacia/Desktop/portfolio/proyectos/ProyectoFinal2DAW - copia/ComfortFood/vendor/laravel/framework/src/Illuminate/Foundation/Bootstrap/BootProviders.php(17): Illuminate/Foundation/Application->boot()
#22 C:/Users/bacia/Desktop/portfolio/proyectos/ProyectoFinal2DAW - copia/ComfortFood/vendor/laravel/framework/src/Illuminate/Foundation/Application.php(342): Illuminate/Foundation/Bootstrap/BootProviders->bootstrap(Object(Illuminate/Foundation/Application))
#23 C:/Users/bacia/Desktop/portfolio/proyectos/ProyectoFinal2DAW - copia/ComfortFood/vendor/laravel/framework/src/Illuminate/Foundation/Console/Kernel.php(494): Illuminate/Foundation/Application->bootstrapWith(Array)
#24 C:/Users/bacia/Desktop/portfolio/proyectos/ProyectoFinal2DAW - copia/ComfortFood/vendor/laravel/framework/src/Illuminate/Foundation/Console/Kernel.php(196): Illuminate/Foundation/Console/Kernel->bootstrap()
#25 C:/Users/bacia/Desktop/portfolio/proyectos/ProyectoFinal2DAW - copia/ComfortFood/vendor/laravel/framework/src/Illuminate/Foundation/Application.php(1235): Illuminate/Foundation/Console/Kernel->handle(Object(Symfony/Component/Console/Input/ArgvInput), Object(Symfony/Component/Console/Output/ConsoleOutput))
#26 C:/Users/bacia/Desktop/portfolio/proyectos/ProyectoFinal2DAW - copia/ComfortFood/artisan(16): Illuminate/Foundation/Application->handleCommand(Object(Symfony/Component/Console/Input/ArgvInput))
#27 {main}
"} 
[2026-03-27 13:05:20] local.ERROR: Please provide a valid cache path. {"exception":"[object] (InvalidArgumentException(code: 0): Please provide a valid cache path. at C:/Users/bacia/Desktop/portfolio/proyectos/ProyectoFinal2DAW - copia/ComfortFood/vendor/laravel/framework/src/Illuminate/View/Compilers/Compiler.php:75)
[stacktrace]
#0 C:/Users/bacia/Desktop/portfolio/proyectos/ProyectoFinal2DAW - copia/ComfortFood/vendor/laravel/framework/src/Illuminate/View/ViewServiceProvider.php(97): Illuminate/View/Compilers/Compiler->__construct(Object(Illuminate/Filesystem/Filesystem), false, '', true, 'php', true)
#1 C:/Users/bacia/Desktop/portfolio/proyectos/ProyectoFinal2DAW - copia/ComfortFood/vendor/laravel/framework/src/Illuminate/Container/Container.php(1115): Illuminate/View/ViewServiceProvider->Illuminate/View/{closure}(Object(Illuminate/Foundation/Application), Array)
#2 C:/Users/bacia/Desktop/portfolio/proyectos/ProyectoFinal2DAW - copia/ComfortFood/vendor/laravel/framework/src/Illuminate/Container/Container.php(933): Illuminate/Container/Container->build(Object(Closure))
#3 C:/Users/bacia/Desktop/portfolio/proyectos/ProyectoFinal2DAW - copia/ComfortFood/vendor/laravel/framework/src/Illuminate/Foundation/Application.php(1078): Illuminate/Container/Container->resolve('blade.compiler', Array, true)
#4 C:/Users/bacia/Desktop/portfolio/proyectos/ProyectoFinal2DAW - copia/ComfortFood/vendor/laravel/framework/src/Illuminate/Container/Container.php(864): Illuminate/Foundation/Application->resolve('blade.compiler', Array)
#5 C:/Users/bacia/Desktop/portfolio/proyectos/ProyectoFinal2DAW - copia/ComfortFood/vendor/laravel/framework/src/Illuminate/Foundation/Application.php(1058): Illuminate/Container/Container->make('blade.compiler', Array)
#6 C:/Users/bacia/Desktop/portfolio/proyectos/ProyectoFinal2DAW - copia/ComfortFood/vendor/laravel/framework/src/Illuminate/Container/Container.php(1809): Illuminate/Foundation/Application->make('blade.compiler')
#7 C:/Users/bacia/Desktop/portfolio/proyectos/ProyectoFinal2DAW - copia/ComfortFood/vendor/laravel/framework/src/Illuminate/Support/Facades/Facade.php(240): Illuminate/Container/Container->offsetGet('blade.compiler')
#8 C:/Users/bacia/Desktop/portfolio/proyectos/ProyectoFinal2DAW - copia/ComfortFood/vendor/laravel/framework/src/Illuminate/Support/Facades/Facade.php(211): Illuminate/Support/Facades/Facade::resolveFacadeInstance('blade.compiler')
#9 C:/Users/bacia/Desktop/portfolio/proyectos/ProyectoFinal2DAW - copia/ComfortFood/vendor/laravel/framework/src/Illuminate/Support/Facades/Facade.php(357): Illuminate/Support/Facades/Facade::getFacadeRoot()
#10 C:/Users/bacia/Desktop/portfolio/proyectos/ProyectoFinal2DAW - copia/ComfortFood/vendor/livewire/flux/src/FluxServiceProvider.php(41): Illuminate/Support/Facades/Facade::__callStatic('anonymousCompon...', Array)
#11 C:/Users/bacia/Desktop/portfolio/proyectos/ProyectoFinal2DAW - copia/ComfortFood/vendor/livewire/flux/src/FluxServiceProvider.php(24): Flux/FluxServiceProvider->bootComponentPath()
#12 C:/Users/bacia/Desktop/portfolio/proyectos/ProyectoFinal2DAW - copia/ComfortFood/vendor/laravel/framework/src/Illuminate/Container/BoundMethod.php(36): Flux/FluxServiceProvider->boot()
#13 C:/Users/bacia/Desktop/portfolio/proyectos/ProyectoFinal2DAW - copia/ComfortFood/vendor/laravel/framework/src/Illuminate/Container/Util.php(43): Illuminate/Container/BoundMethod::Illuminate/Container/{closure}()
#14 C:/Users/bacia/Desktop/portfolio/proyectos/ProyectoFinal2DAW - copia/ComfortFood/vendor/laravel/framework/src/Illuminate/Container/BoundMethod.php(96): Illuminate/Container/Util::unwrapIfClosure(Object(Closure))
#15 C:/Users/bacia/Desktop/portfolio/proyectos/ProyectoFinal2DAW - copia/ComfortFood/vendor/laravel/framework/src/Illuminate/Container/BoundMethod.php(35): Illuminate/Container/BoundMethod::callBoundMethod(Object(Illuminate/Foundation/Application), Array, Object(Closure))
#16 C:/Users/bacia/Desktop/portfolio/proyectos/ProyectoFinal2DAW - copia/ComfortFood/vendor/laravel/framework/src/Illuminate/Container/Container.php(799): Illuminate/Container/BoundMethod::call(Object(Illuminate/Foundation/Application), Array, Array, NULL)
#17 C:/Users/bacia/Desktop/portfolio/proyectos/ProyectoFinal2DAW - copia/ComfortFood/vendor/laravel/framework/src/Illuminate/Foundation/Application.php(1151): Illuminate/Container/Container->call(Array)
#18 C:/Users/bacia/Desktop/portfolio/proyectos/ProyectoFinal2DAW - copia/ComfortFood/vendor/laravel/framework/src/Illuminate/Foundation/Application.php(1132): Illuminate/Foundation/Application->bootProvider(Object(Flux/FluxServiceProvider))
#19 [internal function]: Illuminate/Foundation/Application->Illuminate/Foundation/{closure}(Object(Flux/FluxServiceProvider), 'Flux//FluxServic...')
#20 C:/Users/bacia/Desktop/portfolio/proyectos/ProyectoFinal2DAW - copia/ComfortFood/vendor/laravel/framework/src/Illuminate/Foundation/Application.php(1131): array_walk(Array, Object(Closure))
#21 C:/Users/bacia/Desktop/portfolio/proyectos/ProyectoFinal2DAW - copia/ComfortFood/vendor/laravel/framework/src/Illuminate/Foundation/Bootstrap/BootProviders.php(17): Illuminate/Foundation/Application->boot()
#22 C:/Users/bacia/Desktop/portfolio/proyectos/ProyectoFinal2DAW - copia/ComfortFood/vendor/laravel/framework/src/Illuminate/Foundation/Application.php(342): Illuminate/Foundation/Bootstrap/BootProviders->bootstrap(Object(Illuminate/Foundation/Application))
#23 C:/Users/bacia/Desktop/portfolio/proyectos/ProyectoFinal2DAW - copia/ComfortFood/vendor/laravel/framework/src/Illuminate/Foundation/Console/Kernel.php(494): Illuminate/Foundation/Application->bootstrapWith(Array)
#24 C:/Users/bacia/Desktop/portfolio/proyectos/ProyectoFinal2DAW - copia/ComfortFood/vendor/laravel/framework/src/Illuminate/Foundation/Console/Kernel.php(196): Illuminate/Foundation/Console/Kernel->bootstrap()
#25 C:/Users/bacia/Desktop/portfolio/proyectos/ProyectoFinal2DAW - copia/ComfortFood/vendor/laravel/framework/src/Illuminate/Foundation/Application.php(1235): Illuminate/Foundation/Console/Kernel->handle(Object(Symfony/Component/Console/Input/ArgvInput), Object(Symfony/Component/Console/Output/ConsoleOutput))
#26 C:/Users/bacia/Desktop/portfolio/proyectos/ProyectoFinal2DAW - copia/ComfortFood/artisan(16): Illuminate/Foundation/Application->handleCommand(Object(Symfony/Component/Console/Input/ArgvInput))
#27 {main}
"} 
[2026-03-27 13:05:32] local.ERROR: Please provide a valid cache path. {"exception":"[object] (InvalidArgumentException(code: 0): Please provide a valid cache path. at C:/Users/bacia/Desktop/portfolio/proyectos/ProyectoFinal2DAW - copia/ComfortFood/vendor/laravel/framework/src/Illuminate/View/Compilers/Compiler.php:75)
[stacktrace]
#0 C:/Users/bacia/Desktop/portfolio/proyectos/ProyectoFinal2DAW - copia/ComfortFood/vendor/laravel/framework/src/Illuminate/View/ViewServiceProvider.php(97): Illuminate/View/Compilers/Compiler->__construct(Object(Illuminate/Filesystem/Filesystem), false, '', true, 'php', true)
#1 C:/Users/bacia/Desktop/portfolio/proyectos/ProyectoFinal2DAW - copia/ComfortFood/vendor/laravel/framework/src/Illuminate/Container/Container.php(1115): Illuminate/View/ViewServiceProvider->Illuminate/View/{closure}(Object(Illuminate/Foundation/Application), Array)
#2 C:/Users/bacia/Desktop/portfolio/proyectos/ProyectoFinal2DAW - copia/ComfortFood/vendor/laravel/framework/src/Illuminate/Container/Container.php(933): Illuminate/Container/Container->build(Object(Closure))
#3 C:/Users/bacia/Desktop/portfolio/proyectos/ProyectoFinal2DAW - copia/ComfortFood/vendor/laravel/framework/src/Illuminate/Foundation/Application.php(1078): Illuminate/Container/Container->resolve('blade.compiler', Array, true)
#4 C:/Users/bacia/Desktop/portfolio/proyectos/ProyectoFinal2DAW - copia/ComfortFood/vendor/laravel/framework/src/Illuminate/Container/Container.php(864): Illuminate/Foundation/Application->resolve('blade.compiler', Array)
#5 C:/Users/bacia/Desktop/portfolio/proyectos/ProyectoFinal2DAW - copia/ComfortFood/vendor/laravel/framework/src/Illuminate/Foundation/Application.php(1058): Illuminate/Container/Container->make('blade.compiler', Array)
#6 C:/Users/bacia/Desktop/portfolio/proyectos/ProyectoFinal2DAW - copia/ComfortFood/vendor/laravel/framework/src/Illuminate/Container/Container.php(1809): Illuminate/Foundation/Application->make('blade.compiler')
#7 C:/Users/bacia/Desktop/portfolio/proyectos/ProyectoFinal2DAW - copia/ComfortFood/vendor/laravel/framework/src/Illuminate/Support/Facades/Facade.php(240): Illuminate/Container/Container->offsetGet('blade.compiler')
#8 C:/Users/bacia/Desktop/portfolio/proyectos/ProyectoFinal2DAW - copia/ComfortFood/vendor/laravel/framework/src/Illuminate/Support/Facades/Facade.php(211): Illuminate/Support/Facades/Facade::resolveFacadeInstance('blade.compiler')
#9 C:/Users/bacia/Desktop/portfolio/proyectos/ProyectoFinal2DAW - copia/ComfortFood/vendor/laravel/framework/src/Illuminate/Support/Facades/Facade.php(357): Illuminate/Support/Facades/Facade::getFacadeRoot()
#10 C:/Users/bacia/Desktop/portfolio/proyectos/ProyectoFinal2DAW - copia/ComfortFood/vendor/livewire/flux/src/FluxServiceProvider.php(41): Illuminate/Support/Facades/Facade::__callStatic('anonymousCompon...', Array)
#11 C:/Users/bacia/Desktop/portfolio/proyectos/ProyectoFinal2DAW - copia/ComfortFood/vendor/livewire/flux/src/FluxServiceProvider.php(24): Flux/FluxServiceProvider->bootComponentPath()
#12 C:/Users/bacia/Desktop/portfolio/proyectos/ProyectoFinal2DAW - copia/ComfortFood/vendor/laravel/framework/src/Illuminate/Container/BoundMethod.php(36): Flux/FluxServiceProvider->boot()
#13 C:/Users/bacia/Desktop/portfolio/proyectos/ProyectoFinal2DAW - copia/ComfortFood/vendor/laravel/framework/src/Illuminate/Container/Util.php(43): Illuminate/Container/BoundMethod::Illuminate/Container/{closure}()
#14 C:/Users/bacia/Desktop/portfolio/proyectos/ProyectoFinal2DAW - copia/ComfortFood/vendor/laravel/framework/src/Illuminate/Container/BoundMethod.php(96): Illuminate/Container/Util::unwrapIfClosure(Object(Closure))
#15 C:/Users/bacia/Desktop/portfolio/proyectos/ProyectoFinal2DAW - copia/ComfortFood/vendor/laravel/framework/src/Illuminate/Container/BoundMethod.php(35): Illuminate/Container/BoundMethod::callBoundMethod(Object(Illuminate/Foundation/Application), Array, Object(Closure))
#16 C:/Users/bacia/Desktop/portfolio/proyectos/ProyectoFinal2DAW - copia/ComfortFood/vendor/laravel/framework/src/Illuminate/Container/Container.php(799): Illuminate/Container/BoundMethod::call(Object(Illuminate/Foundation/Application), Array, Array, NULL)
#17 C:/Users/bacia/Desktop/portfolio/proyectos/ProyectoFinal2DAW - copia/ComfortFood/vendor/laravel/framework/src/Illuminate/Foundation/Application.php(1151): Illuminate/Container/Container->call(Array)
#18 C:/Users/bacia/Desktop/portfolio/proyectos/ProyectoFinal2DAW - copia/ComfortFood/vendor/laravel/framework/src/Illuminate/Foundation/Application.php(1132): Illuminate/Foundation/Application->bootProvider(Object(Flux/FluxServiceProvider))
#19 [internal function]: Illuminate/Foundation/Application->Illuminate/Foundation/{closure}(Object(Flux/FluxServiceProvider), 'Flux//FluxServic...')
#20 C:/Users/bacia/Desktop/portfolio/proyectos/ProyectoFinal2DAW - copia/ComfortFood/vendor/laravel/framework/src/Illuminate/Foundation/Application.php(1131): array_walk(Array, Object(Closure))
#21 C:/Users/bacia/Desktop/portfolio/proyectos/ProyectoFinal2DAW - copia/ComfortFood/vendor/laravel/framework/src/Illuminate/Foundation/Bootstrap/BootProviders.php(17): Illuminate/Foundation/Application->boot()
#22 C:/Users/bacia/Desktop/portfolio/proyectos/ProyectoFinal2DAW - copia/ComfortFood/vendor/laravel/framework/src/Illuminate/Foundation/Application.php(342): Illuminate/Foundation/Bootstrap/BootProviders->bootstrap(Object(Illuminate/Foundation/Application))
#23 C:/Users/bacia/Desktop/portfolio/proyectos/ProyectoFinal2DAW - copia/ComfortFood/vendor/laravel/framework/src/Illuminate/Foundation/Console/Kernel.php(494): Illuminate/Foundation/Application->bootstrapWith(Array)
#24 C:/Users/bacia/Desktop/portfolio/proyectos/ProyectoFinal2DAW - copia/ComfortFood/vendor/laravel/framework/src/Illuminate/Foundation/Console/Kernel.php(196): Illuminate/Foundation/Console/Kernel->bootstrap()
#25 C:/Users/bacia/Desktop/portfolio/proyectos/ProyectoFinal2DAW - copia/ComfortFood/vendor/laravel/framework/src/Illuminate/Foundation/Application.php(1235): Illuminate/Foundation/Console/Kernel->handle(Object(Symfony/Component/Console/Input/ArgvInput), Object(Symfony/Component/Console/Output/ConsoleOutput))
#26 C:/Users/bacia/Desktop/portfolio/proyectos/ProyectoFinal2DAW - copia/ComfortFood/artisan(16): Illuminate/Foundation/Application->handleCommand(Object(Symfony/Component/Console/Input/ArgvInput))
#27 {main}
"} 
[2026-03-27 13:05:45] local.ERROR: Please provide a valid cache path. {"exception":"[object] (InvalidArgumentException(code: 0): Please provide a valid cache path. at C:/Users/bacia/Desktop/portfolio/proyectos/ProyectoFinal2DAW - copia/ComfortFood/vendor/laravel/framework/src/Illuminate/View/Compilers/Compiler.php:75)
[stacktrace]
#0 C:/Users/bacia/Desktop/portfolio/proyectos/ProyectoFinal2DAW - copia/ComfortFood/vendor/laravel/framework/src/Illuminate/View/ViewServiceProvider.php(97): Illuminate/View/Compilers/Compiler->__construct(Object(Illuminate/Filesystem/Filesystem), false, '', true, 'php', true)
#1 C:/Users/bacia/Desktop/portfolio/proyectos/ProyectoFinal2DAW - copia/ComfortFood/vendor/laravel/framework/src/Illuminate/Container/Container.php(1115): Illuminate/View/ViewServiceProvider->Illuminate/View/{closure}(Object(Illuminate/Foundation/Application), Array)
#2 C:/Users/bacia/Desktop/portfolio/proyectos/ProyectoFinal2DAW - copia/ComfortFood/vendor/laravel/framework/src/Illuminate/Container/Container.php(933): Illuminate/Container/Container->build(Object(Closure))
#3 C:/Users/bacia/Desktop/portfolio/proyectos/ProyectoFinal2DAW - copia/ComfortFood/vendor/laravel/framework/src/Illuminate/Foundation/Application.php(1078): Illuminate/Container/Container->resolve('blade.compiler', Array, true)
#4 C:/Users/bacia/Desktop/portfolio/proyectos/ProyectoFinal2DAW - copia/ComfortFood/vendor/laravel/framework/src/Illuminate/Container/Container.php(864): Illuminate/Foundation/Application->resolve('blade.compiler', Array)
#5 C:/Users/bacia/Desktop/portfolio/proyectos/ProyectoFinal2DAW - copia/ComfortFood/vendor/laravel/framework/src/Illuminate/Foundation/Application.php(1058): Illuminate/Container/Container->make('blade.compiler', Array)
#6 C:/Users/bacia/Desktop/portfolio/proyectos/ProyectoFinal2DAW - copia/ComfortFood/vendor/laravel/framework/src/Illuminate/Container/Container.php(1809): Illuminate/Foundation/Application->make('blade.compiler')
#7 C:/Users/bacia/Desktop/portfolio/proyectos/ProyectoFinal2DAW - copia/ComfortFood/vendor/laravel/framework/src/Illuminate/Support/Facades/Facade.php(240): Illuminate/Container/Container->offsetGet('blade.compiler')
#8 C:/Users/bacia/Desktop/portfolio/proyectos/ProyectoFinal2DAW - copia/ComfortFood/vendor/laravel/framework/src/Illuminate/Support/Facades/Facade.php(211): Illuminate/Support/Facades/Facade::resolveFacadeInstance('blade.compiler')
#9 C:/Users/bacia/Desktop/portfolio/proyectos/ProyectoFinal2DAW - copia/ComfortFood/vendor/laravel/framework/src/Illuminate/Support/Facades/Facade.php(357): Illuminate/Support/Facades/Facade::getFacadeRoot()
#10 C:/Users/bacia/Desktop/portfolio/proyectos/ProyectoFinal2DAW - copia/ComfortFood/vendor/livewire/flux/src/FluxServiceProvider.php(41): Illuminate/Support/Facades/Facade::__callStatic('anonymousCompon...', Array)
#11 C:/Users/bacia/Desktop/portfolio/proyectos/ProyectoFinal2DAW - copia/ComfortFood/vendor/livewire/flux/src/FluxServiceProvider.php(24): Flux/FluxServiceProvider->bootComponentPath()
#12 C:/Users/bacia/Desktop/portfolio/proyectos/ProyectoFinal2DAW - copia/ComfortFood/vendor/laravel/framework/src/Illuminate/Container/BoundMethod.php(36): Flux/FluxServiceProvider->boot()
#13 C:/Users/bacia/Desktop/portfolio/proyectos/ProyectoFinal2DAW - copia/ComfortFood/vendor/laravel/framework/src/Illuminate/Container/Util.php(43): Illuminate/Container/BoundMethod::Illuminate/Container/{closure}()
#14 C:/Users/bacia/Desktop/portfolio/proyectos/ProyectoFinal2DAW - copia/ComfortFood/vendor/laravel/framework/src/Illuminate/Container/BoundMethod.php(96): Illuminate/Container/Util::unwrapIfClosure(Object(Closure))
#15 C:/Users/bacia/Desktop/portfolio/proyectos/ProyectoFinal2DAW - copia/ComfortFood/vendor/laravel/framework/src/Illuminate/Container/BoundMethod.php(35): Illuminate/Container/BoundMethod::callBoundMethod(Object(Illuminate/Foundation/Application), Array, Object(Closure))
#16 C:/Users/bacia/Desktop/portfolio/proyectos/ProyectoFinal2DAW - copia/ComfortFood/vendor/laravel/framework/src/Illuminate/Container/Container.php(799): Illuminate/Container/BoundMethod::call(Object(Illuminate/Foundation/Application), Array, Array, NULL)
#17 C:/Users/bacia/Desktop/portfolio/proyectos/ProyectoFinal2DAW - copia/ComfortFood/vendor/laravel/framework/src/Illuminate/Foundation/Application.php(1151): Illuminate/Container/Container->call(Array)
#18 C:/Users/bacia/Desktop/portfolio/proyectos/ProyectoFinal2DAW - copia/ComfortFood/vendor/laravel/framework/src/Illuminate/Foundation/Application.php(1132): Illuminate/Foundation/Application->bootProvider(Object(Flux/FluxServiceProvider))
#19 [internal function]: Illuminate/Foundation/Application->Illuminate/Foundation/{closure}(Object(Flux/FluxServiceProvider), 'Flux//FluxServic...')
#20 C:/Users/bacia/Desktop/portfolio/proyectos/ProyectoFinal2DAW - copia/ComfortFood/vendor/laravel/framework/src/Illuminate/Foundation/Application.php(1131): array_walk(Array, Object(Closure))
#21 C:/Users/bacia/Desktop/portfolio/proyectos/ProyectoFinal2DAW - copia/ComfortFood/vendor/laravel/framework/src/Illuminate/Foundation/Bootstrap/BootProviders.php(17): Illuminate/Foundation/Application->boot()
#22 C:/Users/bacia/Desktop/portfolio/proyectos/ProyectoFinal2DAW - copia/ComfortFood/vendor/laravel/framework/src/Illuminate/Foundation/Application.php(342): Illuminate/Foundation/Bootstrap/BootProviders->bootstrap(Object(Illuminate/Foundation/Application))
#23 C:/Users/bacia/Desktop/portfolio/proyectos/ProyectoFinal2DAW - copia/ComfortFood/vendor/laravel/framework/src/Illuminate/Foundation/Console/Kernel.php(494): Illuminate/Foundation/Application->bootstrapWith(Array)
#24 C:/Users/bacia/Desktop/portfolio/proyectos/ProyectoFinal2DAW - copia/ComfortFood/vendor/laravel/framework/src/Illuminate/Foundation/Console/Kernel.php(196): Illuminate/Foundation/Console/Kernel->bootstrap()
#25 C:/Users/bacia/Desktop/portfolio/proyectos/ProyectoFinal2DAW - copia/ComfortFood/vendor/laravel/framework/src/Illuminate/Foundation/Application.php(1235): Illuminate/Foundation/Console/Kernel->handle(Object(Symfony/Component/Console/Input/ArgvInput), Object(Symfony/Component/Console/Output/ConsoleOutput))
#26 C:/Users/bacia/Desktop/portfolio/proyectos/ProyectoFinal2DAW - copia/ComfortFood/artisan(16): Illuminate/Foundation/Application->handleCommand(Object(Symfony/Component/Console/Input/ArgvInput))
#27 {main}
"} 
[2026-03-27 13:06:22] local.ERROR: Please provide a valid cache path. {"exception":"[object] (InvalidArgumentException(code: 0): Please provide a valid cache path. at C:/Users/bacia/Desktop/portfolio/proyectos/ProyectoFinal2DAW - copia/ComfortFood/vendor/laravel/framework/src/Illuminate/View/Compilers/Compiler.php:75)
[stacktrace]
#0 C:/Users/bacia/Desktop/portfolio/proyectos/ProyectoFinal2DAW - copia/ComfortFood/vendor/laravel/framework/src/Illuminate/View/ViewServiceProvider.php(97): Illuminate/View/Compilers/Compiler->__construct(Object(Illuminate/Filesystem/Filesystem), false, '', true, 'php', true)
#1 C:/Users/bacia/Desktop/portfolio/proyectos/ProyectoFinal2DAW - copia/ComfortFood/vendor/laravel/framework/src/Illuminate/Container/Container.php(1115): Illuminate/View/ViewServiceProvider->Illuminate/View/{closure}(Object(Illuminate/Foundation/Application), Array)
#2 C:/Users/bacia/Desktop/portfolio/proyectos/ProyectoFinal2DAW - copia/ComfortFood/vendor/laravel/framework/src/Illuminate/Container/Container.php(933): Illuminate/Container/Container->build(Object(Closure))
#3 C:/Users/bacia/Desktop/portfolio/proyectos/ProyectoFinal2DAW - copia/ComfortFood/vendor/laravel/framework/src/Illuminate/Foundation/Application.php(1078): Illuminate/Container/Container->resolve('blade.compiler', Array, true)
#4 C:/Users/bacia/Desktop/portfolio/proyectos/ProyectoFinal2DAW - copia/ComfortFood/vendor/laravel/framework/src/Illuminate/Container/Container.php(864): Illuminate/Foundation/Application->resolve('blade.compiler', Array)
#5 C:/Users/bacia/Desktop/portfolio/proyectos/ProyectoFinal2DAW - copia/ComfortFood/vendor/laravel/framework/src/Illuminate/Foundation/Application.php(1058): Illuminate/Container/Container->make('blade.compiler', Array)
#6 C:/Users/bacia/Desktop/portfolio/proyectos/ProyectoFinal2DAW - copia/ComfortFood/vendor/laravel/framework/src/Illuminate/Container/Container.php(1809): Illuminate/Foundation/Application->make('blade.compiler')
#7 C:/Users/bacia/Desktop/portfolio/proyectos/ProyectoFinal2DAW - copia/ComfortFood/vendor/laravel/framework/src/Illuminate/Support/Facades/Facade.php(240): Illuminate/Container/Container->offsetGet('blade.compiler')
#8 C:/Users/bacia/Desktop/portfolio/proyectos/ProyectoFinal2DAW - copia/ComfortFood/vendor/laravel/framework/src/Illuminate/Support/Facades/Facade.php(211): Illuminate/Support/Facades/Facade::resolveFacadeInstance('blade.compiler')
#9 C:/Users/bacia/Desktop/portfolio/proyectos/ProyectoFinal2DAW - copia/ComfortFood/vendor/laravel/framework/src/Illuminate/Support/Facades/Facade.php(357): Illuminate/Support/Facades/Facade::getFacadeRoot()
#10 C:/Users/bacia/Desktop/portfolio/proyectos/ProyectoFinal2DAW - copia/ComfortFood/vendor/livewire/flux/src/FluxServiceProvider.php(41): Illuminate/Support/Facades/Facade::__callStatic('anonymousCompon...', Array)
#11 C:/Users/bacia/Desktop/portfolio/proyectos/ProyectoFinal2DAW - copia/ComfortFood/vendor/livewire/flux/src/FluxServiceProvider.php(24): Flux/FluxServiceProvider->bootComponentPath()
#12 C:/Users/bacia/Desktop/portfolio/proyectos/ProyectoFinal2DAW - copia/ComfortFood/vendor/laravel/framework/src/Illuminate/Container/BoundMethod.php(36): Flux/FluxServiceProvider->boot()
#13 C:/Users/bacia/Desktop/portfolio/proyectos/ProyectoFinal2DAW - copia/ComfortFood/vendor/laravel/framework/src/Illuminate/Container/Util.php(43): Illuminate/Container/BoundMethod::Illuminate/Container/{closure}()
#14 C:/Users/bacia/Desktop/portfolio/proyectos/ProyectoFinal2DAW - copia/ComfortFood/vendor/laravel/framework/src/Illuminate/Container/BoundMethod.php(96): Illuminate/Container/Util::unwrapIfClosure(Object(Closure))
#15 C:/Users/bacia/Desktop/portfolio/proyectos/ProyectoFinal2DAW - copia/ComfortFood/vendor/laravel/framework/src/Illuminate/Container/BoundMethod.php(35): Illuminate/Container/BoundMethod::callBoundMethod(Object(Illuminate/Foundation/Application), Array, Object(Closure))
#16 C:/Users/bacia/Desktop/portfolio/proyectos/ProyectoFinal2DAW - copia/ComfortFood/vendor/laravel/framework/src/Illuminate/Container/Container.php(799): Illuminate/Container/BoundMethod::call(Object(Illuminate/Foundation/Application), Array, Array, NULL)
#17 C:/Users/bacia/Desktop/portfolio/proyectos/ProyectoFinal2DAW - copia/ComfortFood/vendor/laravel/framework/src/Illuminate/Foundation/Application.php(1151): Illuminate/Container/Container->call(Array)
#18 C:/Users/bacia/Desktop/portfolio/proyectos/ProyectoFinal2DAW - copia/ComfortFood/vendor/laravel/framework/src/Illuminate/Foundation/Application.php(1132): Illuminate/Foundation/Application->bootProvider(Object(Flux/FluxServiceProvider))
#19 [internal function]: Illuminate/Foundation/Application->Illuminate/Foundation/{closure}(Object(Flux/FluxServiceProvider), 'Flux//FluxServic...')
#20 C:/Users/bacia/Desktop/portfolio/proyectos/ProyectoFinal2DAW - copia/ComfortFood/vendor/laravel/framework/src/Illuminate/Foundation/Application.php(1131): array_walk(Array, Object(Closure))
#21 C:/Users/bacia/Desktop/portfolio/proyectos/ProyectoFinal2DAW - copia/ComfortFood/vendor/laravel/framework/src/Illuminate/Foundation/Bootstrap/BootProviders.php(17): Illuminate/Foundation/Application->boot()
#22 C:/Users/bacia/Desktop/portfolio/proyectos/ProyectoFinal2DAW - copia/ComfortFood/vendor/laravel/framework/src/Illuminate/Foundation/Application.php(342): Illuminate/Foundation/Bootstrap/BootProviders->bootstrap(Object(Illuminate/Foundation/Application))
#23 C:/Users/bacia/Desktop/portfolio/proyectos/ProyectoFinal2DAW - copia/ComfortFood/vendor/laravel/framework/src/Illuminate/Foundation/Console/Kernel.php(494): Illuminate/Foundation/Application->bootstrapWith(Array)
#24 C:/Users/bacia/Desktop/portfolio/proyectos/ProyectoFinal2DAW - copia/ComfortFood/vendor/laravel/framework/src/Illuminate/Foundation/Console/Kernel.php(196): Illuminate/Foundation/Console/Kernel->bootstrap()
#25 C:/Users/bacia/Desktop/portfolio/proyectos/ProyectoFinal2DAW - copia/ComfortFood/vendor/laravel/framework/src/Illuminate/Foundation/Application.php(1235): Illuminate/Foundation/Console/Kernel->handle(Object(Symfony/Component/Console/Input/ArgvInput), Object(Symfony/Component/Console/Output/ConsoleOutput))
#26 C:/Users/bacia/Desktop/portfolio/proyectos/ProyectoFinal2DAW - copia/ComfortFood/artisan(16): Illuminate/Foundation/Application->handleCommand(Object(Symfony/Component/Console/Input/ArgvInput))
#27 {main}
"} 
[2026-03-27 13:08:21] local.ERROR: Please provide a valid cache path. {"exception":"[object] (InvalidArgumentException(code: 0): Please provide a valid cache path. at C:/Users/bacia/Desktop/portfolio/proyectos/ProyectoFinal2DAW - copia/ComfortFood/vendor/laravel/framework/src/Illuminate/View/Compilers/Compiler.php:75)
[stacktrace]
#0 C:/Users/bacia/Desktop/portfolio/proyectos/ProyectoFinal2DAW - copia/ComfortFood/vendor/laravel/framework/src/Illuminate/View/ViewServiceProvider.php(97): Illuminate/View/Compilers/Compiler->__construct(Object(Illuminate/Filesystem/Filesystem), false, '', true, 'php', true)
#1 C:/Users/bacia/Desktop/portfolio/proyectos/ProyectoFinal2DAW - copia/ComfortFood/vendor/laravel/framework/src/Illuminate/Container/Container.php(1115): Illuminate/View/ViewServiceProvider->Illuminate/View/{closure}(Object(Illuminate/Foundation/Application), Array)
#2 C:/Users/bacia/Desktop/portfolio/proyectos/ProyectoFinal2DAW - copia/ComfortFood/vendor/laravel/framework/src/Illuminate/Container/Container.php(933): Illuminate/Container/Container->build(Object(Closure))
#3 C:/Users/bacia/Desktop/portfolio/proyectos/ProyectoFinal2DAW - copia/ComfortFood/vendor/laravel/framework/src/Illuminate/Foundation/Application.php(1078): Illuminate/Container/Container->resolve('blade.compiler', Array, true)
#4 C:/Users/bacia/Desktop/portfolio/proyectos/ProyectoFinal2DAW - copia/ComfortFood/vendor/laravel/framework/src/Illuminate/Container/Container.php(864): Illuminate/Foundation/Application->resolve('blade.compiler', Array)
#5 C:/Users/bacia/Desktop/portfolio/proyectos/ProyectoFinal2DAW - copia/ComfortFood/vendor/laravel/framework/src/Illuminate/Foundation/Application.php(1058): Illuminate/Container/Container->make('blade.compiler', Array)
#6 C:/Users/bacia/Desktop/portfolio/proyectos/ProyectoFinal2DAW - copia/ComfortFood/vendor/laravel/framework/src/Illuminate/Container/Container.php(1809): Illuminate/Foundation/Application->make('blade.compiler')
#7 C:/Users/bacia/Desktop/portfolio/proyectos/ProyectoFinal2DAW - copia/ComfortFood/vendor/laravel/framework/src/Illuminate/Support/Facades/Facade.php(240): Illuminate/Container/Container->offsetGet('blade.compiler')
#8 C:/Users/bacia/Desktop/portfolio/proyectos/ProyectoFinal2DAW - copia/ComfortFood/vendor/laravel/framework/src/Illuminate/Support/Facades/Facade.php(211): Illuminate/Support/Facades/Facade::resolveFacadeInstance('blade.compiler')
#9 C:/Users/bacia/Desktop/portfolio/proyectos/ProyectoFinal2DAW - copia/ComfortFood/vendor/laravel/framework/src/Illuminate/Support/Facades/Facade.php(357): Illuminate/Support/Facades/Facade::getFacadeRoot()
#10 C:/Users/bacia/Desktop/portfolio/proyectos/ProyectoFinal2DAW - copia/ComfortFood/vendor/livewire/flux/src/FluxServiceProvider.php(41): Illuminate/Support/Facades/Facade::__callStatic('anonymousCompon...', Array)
#11 C:/Users/bacia/Desktop/portfolio/proyectos/ProyectoFinal2DAW - copia/ComfortFood/vendor/livewire/flux/src/FluxServiceProvider.php(24): Flux/FluxServiceProvider->bootComponentPath()
#12 C:/Users/bacia/Desktop/portfolio/proyectos/ProyectoFinal2DAW - copia/ComfortFood/vendor/laravel/framework/src/Illuminate/Container/BoundMethod.php(36): Flux/FluxServiceProvider->boot()
#13 C:/Users/bacia/Desktop/portfolio/proyectos/ProyectoFinal2DAW - copia/ComfortFood/vendor/laravel/framework/src/Illuminate/Container/Util.php(43): Illuminate/Container/BoundMethod::Illuminate/Container/{closure}()
#14 C:/Users/bacia/Desktop/portfolio/proyectos/ProyectoFinal2DAW - copia/ComfortFood/vendor/laravel/framework/src/Illuminate/Container/BoundMethod.php(96): Illuminate/Container/Util::unwrapIfClosure(Object(Closure))
#15 C:/Users/bacia/Desktop/portfolio/proyectos/ProyectoFinal2DAW - copia/ComfortFood/vendor/laravel/framework/src/Illuminate/Container/BoundMethod.php(35): Illuminate/Container/BoundMethod::callBoundMethod(Object(Illuminate/Foundation/Application), Array, Object(Closure))
#16 C:/Users/bacia/Desktop/portfolio/proyectos/ProyectoFinal2DAW - copia/ComfortFood/vendor/laravel/framework/src/Illuminate/Container/Container.php(799): Illuminate/Container/BoundMethod::call(Object(Illuminate/Foundation/Application), Array, Array, NULL)
#17 C:/Users/bacia/Desktop/portfolio/proyectos/ProyectoFinal2DAW - copia/ComfortFood/vendor/laravel/framework/src/Illuminate/Foundation/Application.php(1151): Illuminate/Container/Container->call(Array)
#18 C:/Users/bacia/Desktop/portfolio/proyectos/ProyectoFinal2DAW - copia/ComfortFood/vendor/laravel/framework/src/Illuminate/Foundation/Application.php(1132): Illuminate/Foundation/Application->bootProvider(Object(Flux/FluxServiceProvider))
#19 [internal function]: Illuminate/Foundation/Application->Illuminate/Foundation/{closure}(Object(Flux/FluxServiceProvider), 'Flux//FluxServic...')
#20 C:/Users/bacia/Desktop/portfolio/proyectos/ProyectoFinal2DAW - copia/ComfortFood/vendor/laravel/framework/src/Illuminate/Foundation/Application.php(1131): array_walk(Array, Object(Closure))
#21 C:/Users/bacia/Desktop/portfolio/proyectos/ProyectoFinal2DAW - copia/ComfortFood/vendor/laravel/framework/src/Illuminate/Foundation/Bootstrap/BootProviders.php(17): Illuminate/Foundation/Application->boot()
#22 C:/Users/bacia/Desktop/portfolio/proyectos/ProyectoFinal2DAW - copia/ComfortFood/vendor/laravel/framework/src/Illuminate/Foundation/Application.php(342): Illuminate/Foundation/Bootstrap/BootProviders->bootstrap(Object(Illuminate/Foundation/Application))
#23 C:/Users/bacia/Desktop/portfolio/proyectos/ProyectoFinal2DAW - copia/ComfortFood/vendor/laravel/framework/src/Illuminate/Foundation/Console/Kernel.php(494): Illuminate/Foundation/Application->bootstrapWith(Array)
#24 C:/Users/bacia/Desktop/portfolio/proyectos/ProyectoFinal2DAW - copia/ComfortFood/vendor/laravel/framework/src/Illuminate/Foundation/Console/Kernel.php(196): Illuminate/Foundation/Console/Kernel->bootstrap()
#25 C:/Users/bacia/Desktop/portfolio/proyectos/ProyectoFinal2DAW - copia/ComfortFood/vendor/laravel/framework/src/Illuminate/Foundation/Application.php(1235): Illuminate/Foundation/Console/Kernel->handle(Object(Symfony/Component/Console/Input/ArgvInput), Object(Symfony/Component/Console/Output/ConsoleOutput))
#26 C:/Users/bacia/Desktop/portfolio/proyectos/ProyectoFinal2DAW - copia/ComfortFood/artisan(16): Illuminate/Foundation/Application->handleCommand(Object(Symfony/Component/Console/Input/ArgvInput))
#27 {main}
"} 
[2026-03-27 13:08:45] local.ERROR: Please provide a valid cache path. {"exception":"[object] (InvalidArgumentException(code: 0): Please provide a valid cache path. at C:/Users/bacia/Desktop/portfolio/proyectos/ProyectoFinal2DAW - copia/ComfortFood/vendor/laravel/framework/src/Illuminate/View/Compilers/Compiler.php:75)
[stacktrace]
#0 C:/Users/bacia/Desktop/portfolio/proyectos/ProyectoFinal2DAW - copia/ComfortFood/vendor/laravel/framework/src/Illuminate/View/ViewServiceProvider.php(97): Illuminate/View/Compilers/Compiler->__construct(Object(Illuminate/Filesystem/Filesystem), false, '', true, 'php', true)
#1 C:/Users/bacia/Desktop/portfolio/proyectos/ProyectoFinal2DAW - copia/ComfortFood/vendor/laravel/framework/src/Illuminate/Container/Container.php(1115): Illuminate/View/ViewServiceProvider->Illuminate/View/{closure}(Object(Illuminate/Foundation/Application), Array)
#2 C:/Users/bacia/Desktop/portfolio/proyectos/ProyectoFinal2DAW - copia/ComfortFood/vendor/laravel/framework/src/Illuminate/Container/Container.php(933): Illuminate/Container/Container->build(Object(Closure))
#3 C:/Users/bacia/Desktop/portfolio/proyectos/ProyectoFinal2DAW - copia/ComfortFood/vendor/laravel/framework/src/Illuminate/Foundation/Application.php(1078): Illuminate/Container/Container->resolve('blade.compiler', Array, true)
#4 C:/Users/bacia/Desktop/portfolio/proyectos/ProyectoFinal2DAW - copia/ComfortFood/vendor/laravel/framework/src/Illuminate/Container/Container.php(864): Illuminate/Foundation/Application->resolve('blade.compiler', Array)
#5 C:/Users/bacia/Desktop/portfolio/proyectos/ProyectoFinal2DAW - copia/ComfortFood/vendor/laravel/framework/src/Illuminate/Foundation/Application.php(1058): Illuminate/Container/Container->make('blade.compiler', Array)
#6 C:/Users/bacia/Desktop/portfolio/proyectos/ProyectoFinal2DAW - copia/ComfortFood/vendor/laravel/framework/src/Illuminate/Container/Container.php(1809): Illuminate/Foundation/Application->make('blade.compiler')
#7 C:/Users/bacia/Desktop/portfolio/proyectos/ProyectoFinal2DAW - copia/ComfortFood/vendor/laravel/framework/src/Illuminate/Support/Facades/Facade.php(240): Illuminate/Container/Container->offsetGet('blade.compiler')
#8 C:/Users/bacia/Desktop/portfolio/proyectos/ProyectoFinal2DAW - copia/ComfortFood/vendor/laravel/framework/src/Illuminate/Support/Facades/Facade.php(211): Illuminate/Support/Facades/Facade::resolveFacadeInstance('blade.compiler')
#9 C:/Users/bacia/Desktop/portfolio/proyectos/ProyectoFinal2DAW - copia/ComfortFood/vendor/laravel/framework/src/Illuminate/Support/Facades/Facade.php(357): Illuminate/Support/Facades/Facade::getFacadeRoot()
#10 C:/Users/bacia/Desktop/portfolio/proyectos/ProyectoFinal2DAW - copia/ComfortFood/vendor/livewire/flux/src/FluxServiceProvider.php(41): Illuminate/Support/Facades/Facade::__callStatic('anonymousCompon...', Array)
#11 C:/Users/bacia/Desktop/portfolio/proyectos/ProyectoFinal2DAW - copia/ComfortFood/vendor/livewire/flux/src/FluxServiceProvider.php(24): Flux/FluxServiceProvider->bootComponentPath()
#12 C:/Users/bacia/Desktop/portfolio/proyectos/ProyectoFinal2DAW - copia/ComfortFood/vendor/laravel/framework/src/Illuminate/Container/BoundMethod.php(36): Flux/FluxServiceProvider->boot()
#13 C:/Users/bacia/Desktop/portfolio/proyectos/ProyectoFinal2DAW - copia/ComfortFood/vendor/laravel/framework/src/Illuminate/Container/Util.php(43): Illuminate/Container/BoundMethod::Illuminate/Container/{closure}()
#14 C:/Users/bacia/Desktop/portfolio/proyectos/ProyectoFinal2DAW - copia/ComfortFood/vendor/laravel/framework/src/Illuminate/Container/BoundMethod.php(96): Illuminate/Container/Util::unwrapIfClosure(Object(Closure))
#15 C:/Users/bacia/Desktop/portfolio/proyectos/ProyectoFinal2DAW - copia/ComfortFood/vendor/laravel/framework/src/Illuminate/Container/BoundMethod.php(35): Illuminate/Container/BoundMethod::callBoundMethod(Object(Illuminate/Foundation/Application), Array, Object(Closure))
#16 C:/Users/bacia/Desktop/portfolio/proyectos/ProyectoFinal2DAW - copia/ComfortFood/vendor/laravel/framework/src/Illuminate/Container/Container.php(799): Illuminate/Container/BoundMethod::call(Object(Illuminate/Foundation/Application), Array, Array, NULL)
#17 C:/Users/bacia/Desktop/portfolio/proyectos/ProyectoFinal2DAW - copia/ComfortFood/vendor/laravel/framework/src/Illuminate/Foundation/Application.php(1151): Illuminate/Container/Container->call(Array)
#18 C:/Users/bacia/Desktop/portfolio/proyectos/ProyectoFinal2DAW - copia/ComfortFood/vendor/laravel/framework/src/Illuminate/Foundation/Application.php(1132): Illuminate/Foundation/Application->bootProvider(Object(Flux/FluxServiceProvider))
#19 [internal function]: Illuminate/Foundation/Application->Illuminate/Foundation/{closure}(Object(Flux/FluxServiceProvider), 'Flux//FluxServic...')
#20 C:/Users/bacia/Desktop/portfolio/proyectos/ProyectoFinal2DAW - copia/ComfortFood/vendor/laravel/framework/src/Illuminate/Foundation/Application.php(1131): array_walk(Array, Object(Closure))
#21 C:/Users/bacia/Desktop/portfolio/proyectos/ProyectoFinal2DAW - copia/ComfortFood/vendor/laravel/framework/src/Illuminate/Foundation/Bootstrap/BootProviders.php(17): Illuminate/Foundation/Application->boot()
#22 C:/Users/bacia/Desktop/portfolio/proyectos/ProyectoFinal2DAW - copia/ComfortFood/vendor/laravel/framework/src/Illuminate/Foundation/Application.php(342): Illuminate/Foundation/Bootstrap/BootProviders->bootstrap(Object(Illuminate/Foundation/Application))
#23 C:/Users/bacia/Desktop/portfolio/proyectos/ProyectoFinal2DAW - copia/ComfortFood/vendor/laravel/framework/src/Illuminate/Foundation/Console/Kernel.php(494): Illuminate/Foundation/Application->bootstrapWith(Array)
#24 C:/Users/bacia/Desktop/portfolio/proyectos/ProyectoFinal2DAW - copia/ComfortFood/vendor/laravel/framework/src/Illuminate/Foundation/Console/Kernel.php(196): Illuminate/Foundation/Console/Kernel->bootstrap()
#25 C:/Users/bacia/Desktop/portfolio/proyectos/ProyectoFinal2DAW - copia/ComfortFood/vendor/laravel/framework/src/Illuminate/Foundation/Application.php(1235): Illuminate/Foundation/Console/Kernel->handle(Object(Symfony/Component/Console/Input/ArgvInput), Object(Symfony/Component/Console/Output/ConsoleOutput))
#26 C:/Users/bacia/Desktop/portfolio/proyectos/ProyectoFinal2DAW - copia/ComfortFood/artisan(16): Illuminate/Foundation/Application->handleCommand(Object(Symfony/Component/Console/Input/ArgvInput))
#27 {main}
"} 
[2026-03-27 13:11:03] local.ERROR: Please provide a valid cache path. {"exception":"[object] (InvalidArgumentException(code: 0): Please provide a valid cache path. at C:/Users/bacia/Desktop/portfolio/proyectos/ProyectoFinal2DAW - copia/ComfortFood/vendor/laravel/framework/src/Illuminate/View/Compilers/Compiler.php:75)
[stacktrace]
#0 C:/Users/bacia/Desktop/portfolio/proyectos/ProyectoFinal2DAW - copia/ComfortFood/vendor/laravel/framework/src/Illuminate/View/ViewServiceProvider.php(97): Illuminate/View/Compilers/Compiler->__construct(Object(Illuminate/Filesystem/Filesystem), false, '', true, 'php', true)
#1 C:/Users/bacia/Desktop/portfolio/proyectos/ProyectoFinal2DAW - copia/ComfortFood/vendor/laravel/framework/src/Illuminate/Container/Container.php(1115): Illuminate/View/ViewServiceProvider->Illuminate/View/{closure}(Object(Illuminate/Foundation/Application), Array)
#2 C:/Users/bacia/Desktop/portfolio/proyectos/ProyectoFinal2DAW - copia/ComfortFood/vendor/laravel/framework/src/Illuminate/Container/Container.php(933): Illuminate/Container/Container->build(Object(Closure))
#3 C:/Users/bacia/Desktop/portfolio/proyectos/ProyectoFinal2DAW - copia/ComfortFood/vendor/laravel/framework/src/Illuminate/Foundation/Application.php(1078): Illuminate/Container/Container->resolve('blade.compiler', Array, true)
#4 C:/Users/bacia/Desktop/portfolio/proyectos/ProyectoFinal2DAW - copia/ComfortFood/vendor/laravel/framework/src/Illuminate/Container/Container.php(864): Illuminate/Foundation/Application->resolve('blade.compiler', Array)
#5 C:/Users/bacia/Desktop/portfolio/proyectos/ProyectoFinal2DAW - copia/ComfortFood/vendor/laravel/framework/src/Illuminate/Foundation/Application.php(1058): Illuminate/Container/Container->make('blade.compiler', Array)
#6 C:/Users/bacia/Desktop/portfolio/proyectos/ProyectoFinal2DAW - copia/ComfortFood/vendor/laravel/framework/src/Illuminate/Container/Container.php(1809): Illuminate/Foundation/Application->make('blade.compiler')
#7 C:/Users/bacia/Desktop/portfolio/proyectos/ProyectoFinal2DAW - copia/ComfortFood/vendor/laravel/framework/src/Illuminate/Support/Facades/Facade.php(240): Illuminate/Container/Container->offsetGet('blade.compiler')
#8 C:/Users/bacia/Desktop/portfolio/proyectos/ProyectoFinal2DAW - copia/ComfortFood/vendor/laravel/framework/src/Illuminate/Support/Facades/Facade.php(211): Illuminate/Support/Facades/Facade::resolveFacadeInstance('blade.compiler')
#9 C:/Users/bacia/Desktop/portfolio/proyectos/ProyectoFinal2DAW - copia/ComfortFood/vendor/laravel/framework/src/Illuminate/Support/Facades/Facade.php(357): Illuminate/Support/Facades/Facade::getFacadeRoot()
#10 C:/Users/bacia/Desktop/portfolio/proyectos/ProyectoFinal2DAW - copia/ComfortFood/vendor/livewire/flux/src/FluxServiceProvider.php(41): Illuminate/Support/Facades/Facade::__callStatic('anonymousCompon...', Array)
#11 C:/Users/bacia/Desktop/portfolio/proyectos/ProyectoFinal2DAW - copia/ComfortFood/vendor/livewire/flux/src/FluxServiceProvider.php(24): Flux/FluxServiceProvider->bootComponentPath()
#12 C:/Users/bacia/Desktop/portfolio/proyectos/ProyectoFinal2DAW - copia/ComfortFood/vendor/laravel/framework/src/Illuminate/Container/BoundMethod.php(36): Flux/FluxServiceProvider->boot()
#13 C:/Users/bacia/Desktop/portfolio/proyectos/ProyectoFinal2DAW - copia/ComfortFood/vendor/laravel/framework/src/Illuminate/Container/Util.php(43): Illuminate/Container/BoundMethod::Illuminate/Container/{closure}()
#14 C:/Users/bacia/Desktop/portfolio/proyectos/ProyectoFinal2DAW - copia/ComfortFood/vendor/laravel/framework/src/Illuminate/Container/BoundMethod.php(96): Illuminate/Container/Util::unwrapIfClosure(Object(Closure))
#15 C:/Users/bacia/Desktop/portfolio/proyectos/ProyectoFinal2DAW - copia/ComfortFood/vendor/laravel/framework/src/Illuminate/Container/BoundMethod.php(35): Illuminate/Container/BoundMethod::callBoundMethod(Object(Illuminate/Foundation/Application), Array, Object(Closure))
#16 C:/Users/bacia/Desktop/portfolio/proyectos/ProyectoFinal2DAW - copia/ComfortFood/vendor/laravel/framework/src/Illuminate/Container/Container.php(799): Illuminate/Container/BoundMethod::call(Object(Illuminate/Foundation/Application), Array, Array, NULL)
#17 C:/Users/bacia/Desktop/portfolio/proyectos/ProyectoFinal2DAW - copia/ComfortFood/vendor/laravel/framework/src/Illuminate/Foundation/Application.php(1151): Illuminate/Container/Container->call(Array)
#18 C:/Users/bacia/Desktop/portfolio/proyectos/ProyectoFinal2DAW - copia/ComfortFood/vendor/laravel/framework/src/Illuminate/Foundation/Application.php(1132): Illuminate/Foundation/Application->bootProvider(Object(Flux/FluxServiceProvider))
#19 [internal function]: Illuminate/Foundation/Application->Illuminate/Foundation/{closure}(Object(Flux/FluxServiceProvider), 'Flux//FluxServic...')
#20 C:/Users/bacia/Desktop/portfolio/proyectos/ProyectoFinal2DAW - copia/ComfortFood/vendor/laravel/framework/src/Illuminate/Foundation/Application.php(1131): array_walk(Array, Object(Closure))
#21 C:/Users/bacia/Desktop/portfolio/proyectos/ProyectoFinal2DAW - copia/ComfortFood/vendor/laravel/framework/src/Illuminate/Foundation/Bootstrap/BootProviders.php(17): Illuminate/Foundation/Application->boot()
#22 C:/Users/bacia/Desktop/portfolio/proyectos/ProyectoFinal2DAW - copia/ComfortFood/vendor/laravel/framework/src/Illuminate/Foundation/Application.php(342): Illuminate/Foundation/Bootstrap/BootProviders->bootstrap(Object(Illuminate/Foundation/Application))
#23 C:/Users/bacia/Desktop/portfolio/proyectos/ProyectoFinal2DAW - copia/ComfortFood/vendor/laravel/framework/src/Illuminate/Foundation/Console/Kernel.php(494): Illuminate/Foundation/Application->bootstrapWith(Array)
#24 C:/Users/bacia/Desktop/portfolio/proyectos/ProyectoFinal2DAW - copia/ComfortFood/vendor/laravel/framework/src/Illuminate/Foundation/Console/Kernel.php(196): Illuminate/Foundation/Console/Kernel->bootstrap()
#25 C:/Users/bacia/Desktop/portfolio/proyectos/ProyectoFinal2DAW - copia/ComfortFood/vendor/laravel/framework/src/Illuminate/Foundation/Application.php(1235): Illuminate/Foundation/Console/Kernel->handle(Object(Symfony/Component/Console/Input/ArgvInput), Object(Symfony/Component/Console/Output/ConsoleOutput))
#26 C:/Users/bacia/Desktop/portfolio/proyectos/ProyectoFinal2DAW - copia/ComfortFood/artisan(16): Illuminate/Foundation/Application->handleCommand(Object(Symfony/Component/Console/Input/ArgvInput))
#27 {main}
"} 
[2026-03-27 13:13:15] local.ERROR: Please provide a valid cache path. {"exception":"[object] (InvalidArgumentException(code: 0): Please provide a valid cache path. at C:/Users/bacia/Desktop/portfolio/proyectos/ProyectoFinal2DAW - copia/ComfortFood/vendor/laravel/framework/src/Illuminate/View/Compilers/Compiler.php:75)
[stacktrace]
#0 C:/Users/bacia/Desktop/portfolio/proyectos/ProyectoFinal2DAW - copia/ComfortFood/vendor/laravel/framework/src/Illuminate/View/ViewServiceProvider.php(97): Illuminate/View/Compilers/Compiler->__construct(Object(Illuminate/Filesystem/Filesystem), false, '', true, 'php', true)
#1 C:/Users/bacia/Desktop/portfolio/proyectos/ProyectoFinal2DAW - copia/ComfortFood/vendor/laravel/framework/src/Illuminate/Container/Container.php(1115): Illuminate/View/ViewServiceProvider->Illuminate/View/{closure}(Object(Illuminate/Foundation/Application), Array)
#2 C:/Users/bacia/Desktop/portfolio/proyectos/ProyectoFinal2DAW - copia/ComfortFood/vendor/laravel/framework/src/Illuminate/Container/Container.php(933): Illuminate/Container/Container->build(Object(Closure))
#3 C:/Users/bacia/Desktop/portfolio/proyectos/ProyectoFinal2DAW - copia/ComfortFood/vendor/laravel/framework/src/Illuminate/Foundation/Application.php(1078): Illuminate/Container/Container->resolve('blade.compiler', Array, true)
#4 C:/Users/bacia/Desktop/portfolio/proyectos/ProyectoFinal2DAW - copia/ComfortFood/vendor/laravel/framework/src/Illuminate/Container/Container.php(864): Illuminate/Foundation/Application->resolve('blade.compiler', Array)
#5 C:/Users/bacia/Desktop/portfolio/proyectos/ProyectoFinal2DAW - copia/ComfortFood/vendor/laravel/framework/src/Illuminate/Foundation/Application.php(1058): Illuminate/Container/Container->make('blade.compiler', Array)
#6 C:/Users/bacia/Desktop/portfolio/proyectos/ProyectoFinal2DAW - copia/ComfortFood/vendor/laravel/framework/src/Illuminate/Container/Container.php(1809): Illuminate/Foundation/Application->make('blade.compiler')
#7 C:/Users/bacia/Desktop/portfolio/proyectos/ProyectoFinal2DAW - copia/ComfortFood/vendor/laravel/framework/src/Illuminate/Support/Facades/Facade.php(240): Illuminate/Container/Container->offsetGet('blade.compiler')
#8 C:/Users/bacia/Desktop/portfolio/proyectos/ProyectoFinal2DAW - copia/ComfortFood/vendor/laravel/framework/src/Illuminate/Support/Facades/Facade.php(211): Illuminate/Support/Facades/Facade::resolveFacadeInstance('blade.compiler')
#9 C:/Users/bacia/Desktop/portfolio/proyectos/ProyectoFinal2DAW - copia/ComfortFood/vendor/laravel/framework/src/Illuminate/Support/Facades/Facade.php(357): Illuminate/Support/Facades/Facade::getFacadeRoot()
#10 C:/Users/bacia/Desktop/portfolio/proyectos/ProyectoFinal2DAW - copia/ComfortFood/vendor/livewire/flux/src/FluxServiceProvider.php(41): Illuminate/Support/Facades/Facade::__callStatic('anonymousCompon...', Array)
#11 C:/Users/bacia/Desktop/portfolio/proyectos/ProyectoFinal2DAW - copia/ComfortFood/vendor/livewire/flux/src/FluxServiceProvider.php(24): Flux/FluxServiceProvider->bootComponentPath()
#12 C:/Users/bacia/Desktop/portfolio/proyectos/ProyectoFinal2DAW - copia/ComfortFood/vendor/laravel/framework/src/Illuminate/Container/BoundMethod.php(36): Flux/FluxServiceProvider->boot()
#13 C:/Users/bacia/Desktop/portfolio/proyectos/ProyectoFinal2DAW - copia/ComfortFood/vendor/laravel/framework/src/Illuminate/Container/Util.php(43): Illuminate/Container/BoundMethod::Illuminate/Container/{closure}()
#14 C:/Users/bacia/Desktop/portfolio/proyectos/ProyectoFinal2DAW - copia/ComfortFood/vendor/laravel/framework/src/Illuminate/Container/BoundMethod.php(96): Illuminate/Container/Util::unwrapIfClosure(Object(Closure))
#15 C:/Users/bacia/Desktop/portfolio/proyectos/ProyectoFinal2DAW - copia/ComfortFood/vendor/laravel/framework/src/Illuminate/Container/BoundMethod.php(35): Illuminate/Container/BoundMethod::callBoundMethod(Object(Illuminate/Foundation/Application), Array, Object(Closure))
#16 C:/Users/bacia/Desktop/portfolio/proyectos/ProyectoFinal2DAW - copia/ComfortFood/vendor/laravel/framework/src/Illuminate/Container/Container.php(799): Illuminate/Container/BoundMethod::call(Object(Illuminate/Foundation/Application), Array, Array, NULL)
#17 C:/Users/bacia/Desktop/portfolio/proyectos/ProyectoFinal2DAW - copia/ComfortFood/vendor/laravel/framework/src/Illuminate/Foundation/Application.php(1151): Illuminate/Container/Container->call(Array)
#18 C:/Users/bacia/Desktop/portfolio/proyectos/ProyectoFinal2DAW - copia/ComfortFood/vendor/laravel/framework/src/Illuminate/Foundation/Application.php(1132): Illuminate/Foundation/Application->bootProvider(Object(Flux/FluxServiceProvider))
#19 [internal function]: Illuminate/Foundation/Application->Illuminate/Foundation/{closure}(Object(Flux/FluxServiceProvider), 'Flux//FluxServic...')
#20 C:/Users/bacia/Desktop/portfolio/proyectos/ProyectoFinal2DAW - copia/ComfortFood/vendor/laravel/framework/src/Illuminate/Foundation/Application.php(1131): array_walk(Array, Object(Closure))
#21 C:/Users/bacia/Desktop/portfolio/proyectos/ProyectoFinal2DAW - copia/ComfortFood/vendor/laravel/framework/src/Illuminate/Foundation/Bootstrap/BootProviders.php(17): Illuminate/Foundation/Application->boot()
#22 C:/Users/bacia/Desktop/portfolio/proyectos/ProyectoFinal2DAW - copia/ComfortFood/vendor/laravel/framework/src/Illuminate/Foundation/Application.php(342): Illuminate/Foundation/Bootstrap/BootProviders->bootstrap(Object(Illuminate/Foundation/Application))
#23 C:/Users/bacia/Desktop/portfolio/proyectos/ProyectoFinal2DAW - copia/ComfortFood/vendor/laravel/framework/src/Illuminate/Foundation/Console/Kernel.php(494): Illuminate/Foundation/Application->bootstrapWith(Array)
#24 C:/Users/bacia/Desktop/portfolio/proyectos/ProyectoFinal2DAW - copia/ComfortFood/vendor/laravel/framework/src/Illuminate/Foundation/Console/Kernel.php(196): Illuminate/Foundation/Console/Kernel->bootstrap()
#25 C:/Users/bacia/Desktop/portfolio/proyectos/ProyectoFinal2DAW - copia/ComfortFood/vendor/laravel/framework/src/Illuminate/Foundation/Application.php(1235): Illuminate/Foundation/Console/Kernel->handle(Object(Symfony/Component/Console/Input/ArgvInput), Object(Symfony/Component/Console/Output/ConsoleOutput))
#26 C:/Users/bacia/Desktop/portfolio/proyectos/ProyectoFinal2DAW - copia/ComfortFood/artisan(16): Illuminate/Foundation/Application->handleCommand(Object(Symfony/Component/Console/Input/ArgvInput))
#27 {main}
"} 
[2026-03-27 13:16:28] local.ERROR: Please provide a valid cache path. {"exception":"[object] (InvalidArgumentException(code: 0): Please provide a valid cache path. at C:/Users/bacia/Desktop/portfolio/proyectos/ProyectoFinal2DAW - copia/ComfortFood/vendor/laravel/framework/src/Illuminate/View/Compilers/Compiler.php:75)
[stacktrace]
#0 C:/Users/bacia/Desktop/portfolio/proyectos/ProyectoFinal2DAW - copia/ComfortFood/vendor/laravel/framework/src/Illuminate/View/ViewServiceProvider.php(97): Illuminate/View/Compilers/Compiler->__construct(Object(Illuminate/Filesystem/Filesystem), false, '', true, 'php', true)
#1 C:/Users/bacia/Desktop/portfolio/proyectos/ProyectoFinal2DAW - copia/ComfortFood/vendor/laravel/framework/src/Illuminate/Container/Container.php(1115): Illuminate/View/ViewServiceProvider->Illuminate/View/{closure}(Object(Illuminate/Foundation/Application), Array)
#2 C:/Users/bacia/Desktop/portfolio/proyectos/ProyectoFinal2DAW - copia/ComfortFood/vendor/laravel/framework/src/Illuminate/Container/Container.php(933): Illuminate/Container/Container->build(Object(Closure))
#3 C:/Users/bacia/Desktop/portfolio/proyectos/ProyectoFinal2DAW - copia/ComfortFood/vendor/laravel/framework/src/Illuminate/Foundation/Application.php(1078): Illuminate/Container/Container->resolve('blade.compiler', Array, true)
#4 C:/Users/bacia/Desktop/portfolio/proyectos/ProyectoFinal2DAW - copia/ComfortFood/vendor/laravel/framework/src/Illuminate/Container/Container.php(864): Illuminate/Foundation/Application->resolve('blade.compiler', Array)
#5 C:/Users/bacia/Desktop/portfolio/proyectos/ProyectoFinal2DAW - copia/ComfortFood/vendor/laravel/framework/src/Illuminate/Foundation/Application.php(1058): Illuminate/Container/Container->make('blade.compiler', Array)
#6 C:/Users/bacia/Desktop/portfolio/proyectos/ProyectoFinal2DAW - copia/ComfortFood/vendor/laravel/framework/src/Illuminate/Container/Container.php(1809): Illuminate/Foundation/Application->make('blade.compiler')
#7 C:/Users/bacia/Desktop/portfolio/proyectos/ProyectoFinal2DAW - copia/ComfortFood/vendor/laravel/framework/src/Illuminate/Support/Facades/Facade.php(240): Illuminate/Container/Container->offsetGet('blade.compiler')
#8 C:/Users/bacia/Desktop/portfolio/proyectos/ProyectoFinal2DAW - copia/ComfortFood/vendor/laravel/framework/src/Illuminate/Support/Facades/Facade.php(211): Illuminate/Support/Facades/Facade::resolveFacadeInstance('blade.compiler')
#9 C:/Users/bacia/Desktop/portfolio/proyectos/ProyectoFinal2DAW - copia/ComfortFood/vendor/laravel/framework/src/Illuminate/Support/Facades/Facade.php(357): Illuminate/Support/Facades/Facade::getFacadeRoot()
#10 C:/Users/bacia/Desktop/portfolio/proyectos/ProyectoFinal2DAW - copia/ComfortFood/vendor/livewire/flux/src/FluxServiceProvider.php(41): Illuminate/Support/Facades/Facade::__callStatic('anonymousCompon...', Array)
#11 C:/Users/bacia/Desktop/portfolio/proyectos/ProyectoFinal2DAW - copia/ComfortFood/vendor/livewire/flux/src/FluxServiceProvider.php(24): Flux/FluxServiceProvider->bootComponentPath()
#12 C:/Users/bacia/Desktop/portfolio/proyectos/ProyectoFinal2DAW - copia/ComfortFood/vendor/laravel/framework/src/Illuminate/Container/BoundMethod.php(36): Flux/FluxServiceProvider->boot()
#13 C:/Users/bacia/Desktop/portfolio/proyectos/ProyectoFinal2DAW - copia/ComfortFood/vendor/laravel/framework/src/Illuminate/Container/Util.php(43): Illuminate/Container/BoundMethod::Illuminate/Container/{closure}()
#14 C:/Users/bacia/Desktop/portfolio/proyectos/ProyectoFinal2DAW - copia/ComfortFood/vendor/laravel/framework/src/Illuminate/Container/BoundMethod.php(96): Illuminate/Container/Util::unwrapIfClosure(Object(Closure))
#15 C:/Users/bacia/Desktop/portfolio/proyectos/ProyectoFinal2DAW - copia/ComfortFood/vendor/laravel/framework/src/Illuminate/Container/BoundMethod.php(35): Illuminate/Container/BoundMethod::callBoundMethod(Object(Illuminate/Foundation/Application), Array, Object(Closure))
#16 C:/Users/bacia/Desktop/portfolio/proyectos/ProyectoFinal2DAW - copia/ComfortFood/vendor/laravel/framework/src/Illuminate/Container/Container.php(799): Illuminate/Container/BoundMethod::call(Object(Illuminate/Foundation/Application), Array, Array, NULL)
#17 C:/Users/bacia/Desktop/portfolio/proyectos/ProyectoFinal2DAW - copia/ComfortFood/vendor/laravel/framework/src/Illuminate/Foundation/Application.php(1151): Illuminate/Container/Container->call(Array)
#18 C:/Users/bacia/Desktop/portfolio/proyectos/ProyectoFinal2DAW - copia/ComfortFood/vendor/laravel/framework/src/Illuminate/Foundation/Application.php(1132): Illuminate/Foundation/Application->bootProvider(Object(Flux/FluxServiceProvider))
#19 [internal function]: Illuminate/Foundation/Application->Illuminate/Foundation/{closure}(Object(Flux/FluxServiceProvider), 'Flux//FluxServic...')
#20 C:/Users/bacia/Desktop/portfolio/proyectos/ProyectoFinal2DAW - copia/ComfortFood/vendor/laravel/framework/src/Illuminate/Foundation/Application.php(1131): array_walk(Array, Object(Closure))
#21 C:/Users/bacia/Desktop/portfolio/proyectos/ProyectoFinal2DAW - copia/ComfortFood/vendor/laravel/framework/src/Illuminate/Foundation/Bootstrap/BootProviders.php(17): Illuminate/Foundation/Application->boot()
#22 C:/Users/bacia/Desktop/portfolio/proyectos/ProyectoFinal2DAW - copia/ComfortFood/vendor/laravel/framework/src/Illuminate/Foundation/Application.php(342): Illuminate/Foundation/Bootstrap/BootProviders->bootstrap(Object(Illuminate/Foundation/Application))
#23 C:/Users/bacia/Desktop/portfolio/proyectos/ProyectoFinal2DAW - copia/ComfortFood/vendor/laravel/framework/src/Illuminate/Foundation/Console/Kernel.php(494): Illuminate/Foundation/Application->bootstrapWith(Array)
#24 C:/Users/bacia/Desktop/portfolio/proyectos/ProyectoFinal2DAW - copia/ComfortFood/vendor/laravel/framework/src/Illuminate/Foundation/Console/Kernel.php(196): Illuminate/Foundation/Console/Kernel->bootstrap()
#25 C:/Users/bacia/Desktop/portfolio/proyectos/ProyectoFinal2DAW - copia/ComfortFood/vendor/laravel/framework/src/Illuminate/Foundation/Application.php(1235): Illuminate/Foundation/Console/Kernel->handle(Object(Symfony/Component/Console/Input/ArgvInput), Object(Symfony/Component/Console/Output/ConsoleOutput))
#26 C:/Users/bacia/Desktop/portfolio/proyectos/ProyectoFinal2DAW - copia/ComfortFood/artisan(16): Illuminate/Foundation/Application->handleCommand(Object(Symfony/Component/Console/Input/ArgvInput))
#27 {main}
"} 
[2026-03-27 13:19:51] local.ERROR: Please provide a valid cache path. {"exception":"[object] (InvalidArgumentException(code: 0): Please provide a valid cache path. at C:/Users/bacia/Desktop/portfolio/proyectos/ProyectoFinal2DAW - copia/ComfortFood/vendor/laravel/framework/src/Illuminate/View/Compilers/Compiler.php:75)
[stacktrace]
#0 C:/Users/bacia/Desktop/portfolio/proyectos/ProyectoFinal2DAW - copia/ComfortFood/vendor/laravel/framework/src/Illuminate/View/ViewServiceProvider.php(97): Illuminate/View/Compilers/Compiler->__construct(Object(Illuminate/Filesystem/Filesystem), false, '', true, 'php', true)
#1 C:/Users/bacia/Desktop/portfolio/proyectos/ProyectoFinal2DAW - copia/ComfortFood/vendor/laravel/framework/src/Illuminate/Container/Container.php(1115): Illuminate/View/ViewServiceProvider->Illuminate/View/{closure}(Object(Illuminate/Foundation/Application), Array)
#2 C:/Users/bacia/Desktop/portfolio/proyectos/ProyectoFinal2DAW - copia/ComfortFood/vendor/laravel/framework/src/Illuminate/Container/Container.php(933): Illuminate/Container/Container->build(Object(Closure))
#3 C:/Users/bacia/Desktop/portfolio/proyectos/ProyectoFinal2DAW - copia/ComfortFood/vendor/laravel/framework/src/Illuminate/Foundation/Application.php(1078): Illuminate/Container/Container->resolve('blade.compiler', Array, true)
#4 C:/Users/bacia/Desktop/portfolio/proyectos/ProyectoFinal2DAW - copia/ComfortFood/vendor/laravel/framework/src/Illuminate/Container/Container.php(864): Illuminate/Foundation/Application->resolve('blade.compiler', Array)
#5 C:/Users/bacia/Desktop/portfolio/proyectos/ProyectoFinal2DAW - copia/ComfortFood/vendor/laravel/framework/src/Illuminate/Foundation/Application.php(1058): Illuminate/Container/Container->make('blade.compiler', Array)
#6 C:/Users/bacia/Desktop/portfolio/proyectos/ProyectoFinal2DAW - copia/ComfortFood/vendor/laravel/framework/src/Illuminate/Container/Container.php(1809): Illuminate/Foundation/Application->make('blade.compiler')
#7 C:/Users/bacia/Desktop/portfolio/proyectos/ProyectoFinal2DAW - copia/ComfortFood/vendor/laravel/framework/src/Illuminate/Support/Facades/Facade.php(240): Illuminate/Container/Container->offsetGet('blade.compiler')
#8 C:/Users/bacia/Desktop/portfolio/proyectos/ProyectoFinal2DAW - copia/ComfortFood/vendor/laravel/framework/src/Illuminate/Support/Facades/Facade.php(211): Illuminate/Support/Facades/Facade::resolveFacadeInstance('blade.compiler')
#9 C:/Users/bacia/Desktop/portfolio/proyectos/ProyectoFinal2DAW - copia/ComfortFood/vendor/laravel/framework/src/Illuminate/Support/Facades/Facade.php(357): Illuminate/Support/Facades/Facade::getFacadeRoot()
#10 C:/Users/bacia/Desktop/portfolio/proyectos/ProyectoFinal2DAW - copia/ComfortFood/vendor/livewire/flux/src/FluxServiceProvider.php(41): Illuminate/Support/Facades/Facade::__callStatic('anonymousCompon...', Array)
#11 C:/Users/bacia/Desktop/portfolio/proyectos/ProyectoFinal2DAW - copia/ComfortFood/vendor/livewire/flux/src/FluxServiceProvider.php(24): Flux/FluxServiceProvider->bootComponentPath()
#12 C:/Users/bacia/Desktop/portfolio/proyectos/ProyectoFinal2DAW - copia/ComfortFood/vendor/laravel/framework/src/Illuminate/Container/BoundMethod.php(36): Flux/FluxServiceProvider->boot()
#13 C:/Users/bacia/Desktop/portfolio/proyectos/ProyectoFinal2DAW - copia/ComfortFood/vendor/laravel/framework/src/Illuminate/Container/Util.php(43): Illuminate/Container/BoundMethod::Illuminate/Container/{closure}()
#14 C:/Users/bacia/Desktop/portfolio/proyectos/ProyectoFinal2DAW - copia/ComfortFood/vendor/laravel/framework/src/Illuminate/Container/BoundMethod.php(96): Illuminate/Container/Util::unwrapIfClosure(Object(Closure))
#15 C:/Users/bacia/Desktop/portfolio/proyectos/ProyectoFinal2DAW - copia/ComfortFood/vendor/laravel/framework/src/Illuminate/Container/BoundMethod.php(35): Illuminate/Container/BoundMethod::callBoundMethod(Object(Illuminate/Foundation/Application), Array, Object(Closure))
#16 C:/Users/bacia/Desktop/portfolio/proyectos/ProyectoFinal2DAW - copia/ComfortFood/vendor/laravel/framework/src/Illuminate/Container/Container.php(799): Illuminate/Container/BoundMethod::call(Object(Illuminate/Foundation/Application), Array, Array, NULL)
#17 C:/Users/bacia/Desktop/portfolio/proyectos/ProyectoFinal2DAW - copia/ComfortFood/vendor/laravel/framework/src/Illuminate/Foundation/Application.php(1151): Illuminate/Container/Container->call(Array)
#18 C:/Users/bacia/Desktop/portfolio/proyectos/ProyectoFinal2DAW - copia/ComfortFood/vendor/laravel/framework/src/Illuminate/Foundation/Application.php(1132): Illuminate/Foundation/Application->bootProvider(Object(Flux/FluxServiceProvider))
#19 [internal function]: Illuminate/Foundation/Application->Illuminate/Foundation/{closure}(Object(Flux/FluxServiceProvider), 'Flux//FluxServic...')
#20 C:/Users/bacia/Desktop/portfolio/proyectos/ProyectoFinal2DAW - copia/ComfortFood/vendor/laravel/framework/src/Illuminate/Foundation/Application.php(1131): array_walk(Array, Object(Closure))
#21 C:/Users/bacia/Desktop/portfolio/proyectos/ProyectoFinal2DAW - copia/ComfortFood/vendor/laravel/framework/src/Illuminate/Foundation/Bootstrap/BootProviders.php(17): Illuminate/Foundation/Application->boot()
#22 C:/Users/bacia/Desktop/portfolio/proyectos/ProyectoFinal2DAW - copia/ComfortFood/vendor/laravel/framework/src/Illuminate/Foundation/Application.php(342): Illuminate/Foundation/Bootstrap/BootProviders->bootstrap(Object(Illuminate/Foundation/Application))
#23 C:/Users/bacia/Desktop/portfolio/proyectos/ProyectoFinal2DAW - copia/ComfortFood/vendor/laravel/framework/src/Illuminate/Foundation/Console/Kernel.php(494): Illuminate/Foundation/Application->bootstrapWith(Array)
#24 C:/Users/bacia/Desktop/portfolio/proyectos/ProyectoFinal2DAW - copia/ComfortFood/vendor/laravel/framework/src/Illuminate/Foundation/Console/Kernel.php(196): Illuminate/Foundation/Console/Kernel->bootstrap()
#25 C:/Users/bacia/Desktop/portfolio/proyectos/ProyectoFinal2DAW - copia/ComfortFood/vendor/laravel/framework/src/Illuminate/Foundation/Application.php(1235): Illuminate/Foundation/Console/Kernel->handle(Object(Symfony/Component/Console/Input/ArgvInput), Object(Symfony/Component/Console/Output/ConsoleOutput))
#26 C:/Users/bacia/Desktop/portfolio/proyectos/ProyectoFinal2DAW - copia/ComfortFood/artisan(16): Illuminate/Foundation/Application->handleCommand(Object(Symfony/Component/Console/Input/ArgvInput))
#27 {main}
"} 
[2026-04-17 10:08:41] local.ERROR: Please provide a valid cache path. {"exception":"[object] (InvalidArgumentException(code: 0): Please provide a valid cache path. at C:/Users/bacia/Desktop/portfolio/proyectos/ProyectoFinal2DAW - copia/vendor/laravel/framework/src/Illuminate/View/Compilers/Compiler.php:75)
[stacktrace]
#0 C:/Users/bacia/Desktop/portfolio/proyectos/ProyectoFinal2DAW - copia/vendor/laravel/framework/src/Illuminate/View/ViewServiceProvider.php(97): Illuminate/View/Compilers/Compiler->__construct(Object(Illuminate/Filesystem/Filesystem), false, '', true, 'php', true)
#1 C:/Users/bacia/Desktop/portfolio/proyectos/ProyectoFinal2DAW - copia/vendor/laravel/framework/src/Illuminate/Container/Container.php(1115): Illuminate/View/ViewServiceProvider->Illuminate/View/{closure}(Object(Illuminate/Foundation/Application), Array)
#2 C:/Users/bacia/Desktop/portfolio/proyectos/ProyectoFinal2DAW - copia/vendor/laravel/framework/src/Illuminate/Container/Container.php(933): Illuminate/Container/Container->build(Object(Closure))
#3 C:/Users/bacia/Desktop/portfolio/proyectos/ProyectoFinal2DAW - copia/vendor/laravel/framework/src/Illuminate/Foundation/Application.php(1078): Illuminate/Container/Container->resolve('blade.compiler', Array, true)
#4 C:/Users/bacia/Desktop/portfolio/proyectos/ProyectoFinal2DAW - copia/vendor/laravel/framework/src/Illuminate/Container/Container.php(864): Illuminate/Foundation/Application->resolve('blade.compiler', Array)
#5 C:/Users/bacia/Desktop/portfolio/proyectos/ProyectoFinal2DAW - copia/vendor/laravel/framework/src/Illuminate/Foundation/Application.php(1058): Illuminate/Container/Container->make('blade.compiler', Array)
#6 C:/Users/bacia/Desktop/portfolio/proyectos/ProyectoFinal2DAW - copia/vendor/laravel/framework/src/Illuminate/Container/Container.php(1809): Illuminate/Foundation/Application->make('blade.compiler')
#7 C:/Users/bacia/Desktop/portfolio/proyectos/ProyectoFinal2DAW - copia/vendor/laravel/framework/src/Illuminate/Support/Facades/Facade.php(240): Illuminate/Container/Container->offsetGet('blade.compiler')
#8 C:/Users/bacia/Desktop/portfolio/proyectos/ProyectoFinal2DAW - copia/vendor/laravel/framework/src/Illuminate/Support/Facades/Facade.php(211): Illuminate/Support/Facades/Facade::resolveFacadeInstance('blade.compiler')
#9 C:/Users/bacia/Desktop/portfolio/proyectos/ProyectoFinal2DAW - copia/vendor/laravel/framework/src/Illuminate/Support/Facades/Facade.php(357): Illuminate/Support/Facades/Facade::getFacadeRoot()
#10 C:/Users/bacia/Desktop/portfolio/proyectos/ProyectoFinal2DAW - copia/vendor/livewire/flux/src/FluxServiceProvider.php(41): Illuminate/Support/Facades/Facade::__callStatic('anonymousCompon...', Array)
#11 C:/Users/bacia/Desktop/portfolio/proyectos/ProyectoFinal2DAW - copia/vendor/livewire/flux/src/FluxServiceProvider.php(24): Flux/FluxServiceProvider->bootComponentPath()
#12 C:/Users/bacia/Desktop/portfolio/proyectos/ProyectoFinal2DAW - copia/vendor/laravel/framework/src/Illuminate/Container/BoundMethod.php(36): Flux/FluxServiceProvider->boot()
#13 C:/Users/bacia/Desktop/portfolio/proyectos/ProyectoFinal2DAW - copia/vendor/laravel/framework/src/Illuminate/Container/Util.php(43): Illuminate/Container/BoundMethod::Illuminate/Container/{closure}()
#14 C:/Users/bacia/Desktop/portfolio/proyectos/ProyectoFinal2DAW - copia/vendor/laravel/framework/src/Illuminate/Container/BoundMethod.php(96): Illuminate/Container/Util::unwrapIfClosure(Object(Closure))
#15 C:/Users/bacia/Desktop/portfolio/proyectos/ProyectoFinal2DAW - copia/vendor/laravel/framework/src/Illuminate/Container/BoundMethod.php(35): Illuminate/Container/BoundMethod::callBoundMethod(Object(Illuminate/Foundation/Application), Array, Object(Closure))
#16 C:/Users/bacia/Desktop/portfolio/proyectos/ProyectoFinal2DAW - copia/vendor/laravel/framework/src/Illuminate/Container/Container.php(799): Illuminate/Container/BoundMethod::call(Object(Illuminate/Foundation/Application), Array, Array, NULL)
#17 C:/Users/bacia/Desktop/portfolio/proyectos/ProyectoFinal2DAW - copia/vendor/laravel/framework/src/Illuminate/Foundation/Application.php(1151): Illuminate/Container/Container->call(Array)
#18 C:/Users/bacia/Desktop/portfolio/proyectos/ProyectoFinal2DAW - copia/vendor/laravel/framework/src/Illuminate/Foundation/Application.php(1132): Illuminate/Foundation/Application->bootProvider(Object(Flux/FluxServiceProvider))
#19 [internal function]: Illuminate/Foundation/Application->Illuminate/Foundation/{closure}(Object(Flux/FluxServiceProvider), 'Flux//FluxServic...')
#20 C:/Users/bacia/Desktop/portfolio/proyectos/ProyectoFinal2DAW - copia/vendor/laravel/framework/src/Illuminate/Foundation/Application.php(1131): array_walk(Array, Object(Closure))
#21 C:/Users/bacia/Desktop/portfolio/proyectos/ProyectoFinal2DAW - copia/vendor/laravel/framework/src/Illuminate/Foundation/Bootstrap/BootProviders.php(17): Illuminate/Foundation/Application->boot()
#22 C:/Users/bacia/Desktop/portfolio/proyectos/ProyectoFinal2DAW - copia/vendor/laravel/framework/src/Illuminate/Foundation/Application.php(342): Illuminate/Foundation/Bootstrap/BootProviders->bootstrap(Object(Illuminate/Foundation/Application))
#23 C:/Users/bacia/Desktop/portfolio/proyectos/ProyectoFinal2DAW - copia/vendor/laravel/framework/src/Illuminate/Foundation/Console/Kernel.php(494): Illuminate/Foundation/Application->bootstrapWith(Array)
#24 C:/Users/bacia/Desktop/portfolio/proyectos/ProyectoFinal2DAW - copia/vendor/laravel/framework/src/Illuminate/Foundation/Console/Kernel.php(196): Illuminate/Foundation/Console/Kernel->bootstrap()
#25 C:/Users/bacia/Desktop/portfolio/proyectos/ProyectoFinal2DAW - copia/vendor/laravel/framework/src/Illuminate/Foundation/Application.php(1235): Illuminate/Foundation/Console/Kernel->handle(Object(Symfony/Component/Console/Input/ArgvInput), Object(Symfony/Component/Console/Output/ConsoleOutput))
#26 C:/Users/bacia/Desktop/portfolio/proyectos/ProyectoFinal2DAW - copia/artisan(16): Illuminate/Foundation/Application->handleCommand(Object(Symfony/Component/Console/Input/ArgvInput))
#27 {main}
"} 
